Archive member included to satisfy reference by file (symbol)

/usr/lib/gcc/arm-none-eabi/10.3.1/../../../arm-none-eabi/lib/thumb/v8-m.main+fp/softfp/libm.a(lib_a-wf_sqrt.o)
                              CMakeFiles/node_c.dir/home/asd/study/pico/deps/pico-sdk/src/rp2_common/pico_float/float_math.c.o (sqrtf)
/usr/lib/gcc/arm-none-eabi/10.3.1/../../../arm-none-eabi/lib/thumb/v8-m.main+fp/softfp/libm.a(lib_a-ef_sqrt.o)
                              /usr/lib/gcc/arm-none-eabi/10.3.1/../../../arm-none-eabi/lib/thumb/v8-m.main+fp/softfp/libm.a(lib_a-wf_sqrt.o) (__ieee754_sqrtf)
/usr/lib/gcc/arm-none-eabi/10.3.1/../../../arm-none-eabi/lib/thumb/v8-m.main+fp/softfp/libm.a(lib_a-s_lib_ver.o)
                              /usr/lib/gcc/arm-none-eabi/10.3.1/../../../arm-none-eabi/lib/thumb/v8-m.main+fp/softfp/libm.a(lib_a-wf_sqrt.o) (__fdlib_version)
/usr/lib/gcc/arm-none-eabi/10.3.1/thumb/v8-m.main+fp/softfp/libgcc.a(_arm_addsubdf3.o)
                              CMakeFiles/node_c.dir/src/node_c_controller.c.o (__aeabi_f2d)
/usr/lib/gcc/arm-none-eabi/10.3.1/thumb/v8-m.main+fp/softfp/libgcc.a(_aeabi_ldivmod.o)
                              CMakeFiles/node_c.dir/home/asd/study/pico/deps/pico-sdk/src/common/pico_time/time.c.o (__aeabi_ldivmod)
/usr/lib/gcc/arm-none-eabi/10.3.1/thumb/v8-m.main+fp/softfp/libgcc.a(_aeabi_uldivmod.o)
                              CMakeFiles/node_c.dir/src/main.c.o (__aeabi_uldivmod)
/usr/lib/gcc/arm-none-eabi/10.3.1/thumb/v8-m.main+fp/softfp/libgcc.a(_udivmoddi4.o)
                              /usr/lib/gcc/arm-none-eabi/10.3.1/thumb/v8-m.main+fp/softfp/libgcc.a(_aeabi_ldivmod.o) (__udivmoddi4)
/usr/lib/gcc/arm-none-eabi/10.3.1/thumb/v8-m.main+fp/softfp/libgcc.a(_dvmd_tls.o)
                              /usr/lib/gcc/arm-none-eabi/10.3.1/thumb/v8-m.main+fp/softfp/libgcc.a(_aeabi_ldivmod.o) (__aeabi_ldiv0)
/usr/lib/gcc/arm-none-eabi/10.3.1/../../../arm-none-eabi/lib/thumb/v8-m.main+fp/softfp/libg.a(lib_a-atexit.o)
                              /usr/lib/gcc/arm-none-eabi/10.3.1/../../../arm-none-eabi/lib/thumb/v8-m.main+fp/softfp/crt0.o (atexit)
/usr/lib/gcc/arm-none-eabi/10.3.1/../../../arm-none-eabi/lib/thumb/v8-m.main+fp/softfp/libg.a(lib_a-atoi.o)
                              CMakeFiles/node_c.dir/home/asd/study/pico/deps/pico-sdk/lib/lwip/src/core/netif.c.o (atoi)
/usr/lib/gcc/arm-none-eabi/10.3.1/../../../arm-none-eabi/lib/thumb/v8-m.main+fp/softfp/libg.a(lib_a-calloc.o)
                              CMakeFiles/node_c.dir/home/asd/study/pico/deps/pico-sdk/src/rp2_common/pico_malloc/malloc.c.o (calloc)
/usr/lib/gcc/arm-none-eabi/10.3.1/../../../arm-none-eabi/lib/thumb/v8-m.main+fp/softfp/libg.a(lib_a-callocr.o)
                              /usr/lib/gcc/arm-none-eabi/10.3.1/../../../arm-none-eabi/lib/thumb/v8-m.main+fp/softfp/libg.a(lib_a-calloc.o) (_calloc_r)
/usr/lib/gcc/arm-none-eabi/10.3.1/../../../arm-none-eabi/lib/thumb/v8-m.main+fp/softfp/libg.a(lib_a-ctype_.o)
                              CMakeFiles/node_c.dir/src/node_c_controller.c.o (_ctype_)
/usr/lib/gcc/arm-none-eabi/10.3.1/../../../arm-none-eabi/lib/thumb/v8-m.main+fp/softfp/libg.a(lib_a-errno.o)
                              /usr/lib/gcc/arm-none-eabi/10.3.1/../../../arm-none-eabi/lib/thumb/v8-m.main+fp/softfp/libm.a(lib_a-wf_sqrt.o) (__errno)
/usr/lib/gcc/arm-none-eabi/10.3.1/../../../arm-none-eabi/lib/thumb/v8-m.main+fp/softfp/libg.a(lib_a-fini.o)
                              /usr/lib/gcc/arm-none-eabi/10.3.1/../../../arm-none-eabi/lib/thumb/v8-m.main+fp/softfp/crt0.o (__libc_fini_array)
/usr/lib/gcc/arm-none-eabi/10.3.1/../../../arm-none-eabi/lib/thumb/v8-m.main+fp/softfp/libg.a(lib_a-impure.o)
                              /usr/lib/gcc/arm-none-eabi/10.3.1/../../../arm-none-eabi/lib/thumb/v8-m.main+fp/softfp/libg.a(lib_a-calloc.o) (_impure_ptr)
/usr/lib/gcc/arm-none-eabi/10.3.1/../../../arm-none-eabi/lib/thumb/v8-m.main+fp/softfp/libg.a(lib_a-init.o)
                              /usr/lib/gcc/arm-none-eabi/10.3.1/../../../arm-none-eabi/lib/thumb/v8-m.main+fp/softfp/crt0.o (__libc_init_array)
/usr/lib/gcc/arm-none-eabi/10.3.1/../../../arm-none-eabi/lib/thumb/v8-m.main+fp/softfp/libg.a(lib_a-lcltime_r.o)
                              CMakeFiles/node_c.dir/home/asd/study/pico/deps/pico-sdk/src/common/pico_util/datetime.c.o (localtime_r)
/usr/lib/gcc/arm-none-eabi/10.3.1/../../../arm-none-eabi/lib/thumb/v8-m.main+fp/softfp/libg.a(lib_a-malloc.o)
                              CMakeFiles/node_c.dir/home/asd/study/pico/deps/pico-sdk/src/rp2_common/pico_malloc/malloc.c.o (malloc)
/usr/lib/gcc/arm-none-eabi/10.3.1/../../../arm-none-eabi/lib/thumb/v8-m.main+fp/softfp/libg.a(lib_a-mallocr.o)
                              /usr/lib/gcc/arm-none-eabi/10.3.1/../../../arm-none-eabi/lib/thumb/v8-m.main+fp/softfp/libg.a(lib_a-callocr.o) (_malloc_r)
/usr/lib/gcc/arm-none-eabi/10.3.1/../../../arm-none-eabi/lib/thumb/v8-m.main+fp/softfp/libg.a(lib_a-memcmp.o)
[...]
Memory Configuration

Name             Origin             Length             Attributes
FLASH            0x0000000010000000 0x0000000000400000 xr
RAM              0x0000000020000000 0x0000000000080000 xrw
SCRATCH_X        0x0000000020080000 0x0000000000001000 xrw
SCRATCH_Y        0x0000000020081000 0x0000000000001000 xrw
*default*        0x0000000000000000 0xffffffffffffffff

Linker script and memory map

LOAD /usr/lib/gcc/arm-none-eabi/10.3.1/thumb/v8-m.main+fp/softfp/crti.o
LOAD /usr/lib/gcc/arm-none-eabi/10.3.1/thumb/v8-m.main+fp/softfp/crtbegin.o
LOAD /usr/lib/gcc/arm-none-eabi/10.3.1/../../../arm-none-eabi/lib/thumb/v8-m.main+fp/softfp/crt0.o

.flash_begin    0x0000000010000000        0x0
                0x0000000010000000                __flash_binary_start = .

.text           0x0000000010000000    0x20cb8
                0x0000000010000000                __logical_binary_start = .
 *(.vectors)
 .vectors       0x0000000010000000      0x124 CMakeFiles/node_c.dir/home/asd/study/pico/deps/pico-sdk/src/rp2_common/pico_crt0/crt0.S.o
                0x0000000010000000                __vectors
                0x0000000010000000                __VECTOR_TABLE
                0x0000000010000110                isr_securefault
                0x0000000010000110                isr_irq30
                0x0000000010000110                __unhandled_user_irq
                0x0000000010000110                isr_irq49
                0x0000000010000110                isr_irq13
                0x0000000010000110                isr_irq43
                0x0000000010000110                isr_irq45
                0x0000000010000110                isr_irq27
                0x0000000010000110                isr_irq32
                0x0000000010000110                isr_irq31
                0x0000000010000110                isr_irq5
                0x0000000010000110                isr_irq11
                0x0000000010000110                isr_irq23
                0x0000000010000110                isr_usagefault
                0x0000000010000110                isr_irq48
                0x0000000010000110                isr_irq35
                0x0000000010000110                isr_irq18
                0x0000000010000110                isr_irq50
                0x0000000010000110                isr_irq40
                0x0000000010000110                isr_irq28
                0x0000000010000110                isr_irq19
                0x0000000010000110                isr_irq36
                0x0000000010000110                isr_irq41
                0x0000000010000110                isr_irq0
                0x0000000010000110                isr_irq6
                0x0000000010000110                isr_memmanage
                0x0000000010000110                isr_irq37
                0x0000000010000110                isr_irq42
                0x0000000010000110                isr_irq22
                0x0000000010000110                isr_irq17
                0x0000000010000110                isr_irq38
                0x0000000010000110                isr_irq14
                0x0000000010000110                __vectors_end
                0x0000000010000110                __default_isrs_start
                0x0000000010000110                isr_irq2
                0x0000000010000110                isr_irq10
                0x0000000010000110                isr_irq8
                0x0000000010000110                isr_debugmonitor
                0x0000000010000110                isr_irq24
                0x0000000010000110                isr_irq46
                0x0000000010000110                isr_irq1
                0x0000000010000110                isr_irq47
                0x0000000010000110                isr_irq51
                0x0000000010000110                isr_irq7
                0x0000000010000110                isr_irq21
                0x0000000010000110                isr_irq39
                0x0000000010000110                isr_irq20
                0x0000000010000110                isr_irq15
                0x0000000010000110                isr_irq25
                0x0000000010000110                isr_irq34
                0x0000000010000110                isr_irq4
                0x0000000010000110                isr_busfault
                0x0000000010000110                isr_irq16
                0x0000000010000110                isr_irq44
                0x0000000010000110                isr_irq29
                0x0000000010000110                isr_irq26
                0x0000000010000110                isr_irq33
                0x0000000010000110                isr_irq3
                0x0000000010000110                isr_irq12
                0x0000000010000110                isr_irq9
                0x0000000010000116                unhandled_user_irq_num_in_r0
                0x0000000010000118                isr_invalid
                0x000000001000011a                isr_nmi
                0x000000001000011c                isr_hardfault
                0x000000001000011e                isr_svcall
                0x0000000010000120                isr_pendsv
                0x0000000010000122                isr_systick
                0x0000000010000124                __default_isrs_end
 *(.binary_info_header)
 .binary_info_header
                0x0000000010000124       0x14 CMakeFiles/node_c.dir/home/asd/study/pico/deps/pico-sdk/src/rp2_common/pico_crt0/crt0.S.o
                0x0000000010000138                __binary_info_header_end = .
 *(.embedded_block)
 .embedded_block
                0x0000000010000138       0x14 CMakeFiles/node_c.dir/home/asd/study/pico/deps/pico-sdk/src/rp2_common/pico_crt0/crt0.S.o
                0x000000001000014c                __embedded_block_end = .
 *(.reset)
 .reset         0x000000001000014c       0x98 CMakeFiles/node_c.dir/home/asd/study/pico/deps/pico-sdk/src/rp2_common/pico_crt0/crt0.S.o
                0x000000001000014c                _entry_point
 *(.init)
 .init          0x00000000100001e4        0x4 /usr/lib/gcc/arm-none-eabi/10.3.1/thumb/v8-m.main+fp/softfp/crti.o
                0x00000000100001e4                _init
 *libgcc.a:cmse_nonsecure_call.o()
 *(EXCLUDE_FILE(*libm.a: *libc.a:*lib_a-mem*.o *libgcc.a:) .text*)
 .text          0x00000000100001e8       0x8c /usr/lib/gcc/arm-none-eabi/10.3.1/thumb/v8-m.main+fp/softfp/crtbegin.o
 .text.uart_log
                0x0000000010000274        0x4 CMakeFiles/node_c.dir/src/main.c.o
 .text.mqtt_publish_stub
                0x0000000010000278       0x10 CMakeFiles/node_c.dir/src/main.c.o
 .text.startup.main
                0x0000000010000288      0x14c CMakeFiles/node_c.dir/src/main.c.o
                0x0000000010000288                main
 .text.node_c_logf
                0x00000000100003d4       0x30 CMakeFiles/node_c.dir/src/node_c_controller.c.o
 .text.trim_copy.part.0.constprop.0
                0x0000000010000404       0x60 CMakeFiles/node_c.dir/src/node_c_controller.c.o
 .text.evaluate_auto_rules.part.0
                0x0000000010000464      0x128 CMakeFiles/node_c.dir/src/node_c_controller.c.o
 *fill*         0x000000001000058c        0x4 
 .text.node_c_controller_init
                0x0000000010000590       0x68 CMakeFiles/node_c.dir/src/node_c_controller.c.o
                0x0000000010000590                node_c_controller_init
 .text.node_c_controller_publish_boot_state
                0x00000000100005f8       0xdc CMakeFiles/node_c.dir/src/node_c_controller.c.o
                0x00000000100005f8                node_c_controller_publish_boot_state
 .text.node_c_controller_apply_env_payload
                0x00000000100006d4      0x140 CMakeFiles/node_c.dir/src/node_c_controller.c.o
                0x00000000100006d4                node_c_controller_apply_env_payload
 .text.node_c_controller_apply_node_b_status
                0x0000000010000814      0x30c CMakeFiles/node_c.dir/src/node_c_controller.c.o
                0x0000000010000814                node_c_controller_apply_node_b_status
 .text.node_c_controller_apply_mode_payload
                0x0000000010000b20      0x1fc CMakeFiles/node_c.dir/src/node_c_controller.c.o
                0x0000000010000b20                node_c_controller_apply_mode_payload
 .text.node_c_controller_apply_light_command_payload
                0x0000000010000d1c      0x1c8 CMakeFiles/node_c.dir/src/node_c_controller.c.o
                0x0000000010000d1c                node_c_controller_apply_light_command_payload
 .text.node_c_controller_apply_window_command_payload
                0x0000000010000ee4      0x190 CMakeFiles/node_c.dir/src/node_c_controller.c.o
                0x0000000010000ee4                node_c_controller_apply_window_command_payload
 .text.node_c_controller_handle_uart_command
                0x0000000010001074      0x49c CMakeFiles/node_c.dir/src/node_c_controller.c.o
                0x0000000010001074                node_c_controller_handle_uart_command
 .text.node_c_controller_periodic
                0x0000000010001510      0x1cc CMakeFiles/node_c.dir/src/node_c_controller.c.o
                0x0000000010001510                node_c_controller_periodic
 .text.mqtt_publish_request_cb
                0x00000000100016dc        0x4 CMakeFiles/node_c.dir/src/node_c_network.c.o
 .text.mqtt_incoming_data_cb
                0x00000000100016e0      0x15c CMakeFiles/node_c.dir/src/node_c_network.c.o
 .text.mqtt_connection_cb
                0x000000001000183c       0xf0 CMakeFiles/node_c.dir/src/node_c_network.c.o
 .text.mqtt_subscribe_request_cb
                0x000000001000192c       0x18 CMakeFiles/node_c.dir/src/node_c_network.c.o
 .text.node_c_network_publish_topic
                0x0000000010001944       0x54 CMakeFiles/node_c.dir/src/node_c_network.c.o
 .text.mqtt_incoming_publish_cb
                0x0000000010001998       0x18 CMakeFiles/node_c.dir/src/node_c_network.c.o
 .text.dns_found_cb
                0x00000000100019b0       0x78 CMakeFiles/node_c.dir/src/node_c_network.c.o
 .text.node_c_network_init
                0x0000000010001a28      0x174 CMakeFiles/node_c.dir/src/node_c_network.c.o
                0x0000000010001a28                node_c_network_init
 .text.node_c_network_poll
                0x0000000010001b9c       0x44 CMakeFiles/node_c.dir/src/node_c_network.c.o
                0x0000000010001b9c                node_c_network_poll
 .text.gpio_set_function
                0x0000000010001be0       0x3c CMakeFiles/node_c.dir/home/asd/study/pico/deps/pico-sdk/src/rp2_common/hardware_gpio/gpio.c.o
                0x0000000010001be0                gpio_set_function
 .text.gpio_set_pulls
                0x0000000010001c1c       0x34 CMakeFiles/node_c.dir/home/asd/study/pico/deps/pico-sdk/src/rp2_common/hardware_gpio/gpio.c.o
                0x0000000010001c1c                gpio_set_pulls
 .text.gpio_set_input_hysteresis_enabled
                0x0000000010001c50       0x20 CMakeFiles/node_c.dir/home/asd/study/pico/deps/pico-sdk/src/rp2_common/hardware_gpio/gpio.c.o
                0x0000000010001c50                gpio_set_input_hysteresis_enabled
 .text.gpio_set_irq_enabled
                0x0000000010001c70       0x50 CMakeFiles/node_c.dir/home/asd/study/pico/deps/pico-sdk/src/rp2_common/hardware_gpio/gpio.c.o
                0x0000000010001c70                gpio_set_irq_enabled
 .text.gpio_add_raw_irq_handler_with_order_priority_masked
                0x0000000010001cc0       0x40 CMakeFiles/node_c.dir/home/asd/study/pico/deps/pico-sdk/src/rp2_common/hardware_gpio/gpio.c.o
                0x0000000010001cc0                gpio_add_raw_irq_handler_with_order_priority_masked
 .text.gpio_remove_raw_irq_handler_masked
                0x0000000010001d00       0x24 CMakeFiles/node_c.dir/home/asd/study/pico/deps/pico-sdk/src/rp2_common/hardware_gpio/gpio.c.o
                0x0000000010001d00                gpio_remove_raw_irq_handler_masked
 .text.gpio_init
                0x0000000010001d24       0x44 CMakeFiles/node_c.dir/home/asd/study/pico/deps/pico-sdk/src/rp2_common/hardware_gpio/gpio.c.o
                0x0000000010001d24                gpio_init
 .text.panic    0x0000000010001d68       0x30 CMakeFiles/node_c.dir/home/asd/study/pico/deps/pico-sdk/src/rp2_common/pico_platform_panic/panic.c.o
                0x0000000010001d68                panic
 .text.hw_claim_lock
                0x0000000010001d98       0x24 CMakeFiles/node_c.dir/home/asd/study/pico/deps/pico-sdk/src/common/hardware_claim/claim.c.o
                0x0000000010001d98                hw_claim_lock
 .text.hw_claim_unlock
                0x0000000010001dbc       0x14 CMakeFiles/node_c.dir/home/asd/study/pico/deps/pico-sdk/src/common/hardware_claim/claim.c.o
                0x0000000010001dbc                hw_claim_unlock
 .text.hw_claim_or_assert
                0x0000000010001dd0       0x5c CMakeFiles/node_c.dir/home/asd/study/pico/deps/pico-sdk/src/common/hardware_claim/claim.c.o
                0x0000000010001dd0                hw_claim_or_assert
 .text.hw_claim_unused_from_range
                0x0000000010001e2c       0x9c CMakeFiles/node_c.dir/home/asd/study/pico/deps/pico-sdk/src/common/hardware_claim/claim.c.o
                0x0000000010001e2c                hw_claim_unused_from_range
 .text.hw_claim_clear
                0x0000000010001ec8       0x50 CMakeFiles/node_c.dir/home/asd/study/pico/deps/pico-sdk/src/common/hardware_claim/claim.c.o
                0x0000000010001ec8                hw_claim_clear
 .text.next_striped_spin_lock_num
                0x0000000010001f18       0x18 CMakeFiles/node_c.dir/home/asd/study/pico/deps/pico-sdk/src/rp2_common/hardware_sync/sync.c.o
                0x0000000010001f18                next_striped_spin_lock_num
 .text.spin_lock_claim_unused
                0x0000000010001f30       0x20 CMakeFiles/node_c.dir/home/asd/study/pico/deps/pico-sdk/src/rp2_common/hardware_sync/sync.c.o
                0x0000000010001f30                spin_lock_claim_unused
 .text.spinlock_set_extexclall
                0x0000000010001f50       0x10 CMakeFiles/node_c.dir/home/asd/study/pico/deps/pico-sdk/src/rp2_common/hardware_sync_spin_lock/sync_spin_lock.c.o
 .text.spin_locks_reset
                0x0000000010001f60       0x18 CMakeFiles/node_c.dir/home/asd/study/pico/deps/pico-sdk/src/rp2_common/hardware_sync_spin_lock/sync_spin_lock.c.o
                0x0000000010001f60                spin_locks_reset
 .text.runtime_init_per_core_irq_priorities
                0x0000000010001f78       0x40 CMakeFiles/node_c.dir/home/asd/study/pico/deps/pico-sdk/src/rp2_common/hardware_irq/irq.c.o
                0x0000000010001f78                runtime_init_per_core_irq_priorities
 .text.irq_set_enabled
                0x0000000010001fb8       0x2c CMakeFiles/node_c.dir/home/asd/study/pico/deps/pico-sdk/src/rp2_common/hardware_irq/irq.c.o
                0x0000000010001fb8                irq_set_enabled
 .text.irq_is_enabled
                0x0000000010001fe4       0x20 CMakeFiles/node_c.dir/home/asd/study/pico/deps/pico-sdk/src/rp2_common/hardware_irq/irq.c.o
                0x0000000010001fe4                irq_is_enabled
 .text.irq_set_pending
                0x0000000010002004       0x1c CMakeFiles/node_c.dir/home/asd/study/pico/deps/pico-sdk/src/rp2_common/hardware_irq/irq.c.o
                0x0000000010002004                irq_set_pending
 .text.irq_has_shared_handler
                0x0000000010002020       0x20 CMakeFiles/node_c.dir/home/asd/study/pico/deps/pico-sdk/src/rp2_common/hardware_irq/irq.c.o
                0x0000000010002020                irq_has_shared_handler
 .text.irq_set_exclusive_handler
                0x0000000010002040       0x60 CMakeFiles/node_c.dir/home/asd/study/pico/deps/pico-sdk/src/rp2_common/hardware_irq/irq.c.o
                0x0000000010002040                irq_set_exclusive_handler
 .text.irq_add_shared_handler
                0x00000000100020a0      0x1e8 CMakeFiles/node_c.dir/home/asd/study/pico/deps/pico-sdk/src/rp2_common/hardware_irq/irq.c.o
                0x00000000100020a0                irq_add_shared_handler
 .text.irq_remove_handler
                0x0000000010002288      0x1ec CMakeFiles/node_c.dir/home/asd/study/pico/deps/pico-sdk/src/rp2_common/hardware_irq/irq.c.o
                0x0000000010002288                irq_remove_handler
 .text.irq_set_priority
                0x0000000010002474       0x28 CMakeFiles/node_c.dir/home/asd/study/pico/deps/pico-sdk/src/rp2_common/hardware_irq/irq.c.o
                0x0000000010002474                irq_set_priority
 .text.irq_add_tail_to_free_list
                0x000000001000249c       0xbc CMakeFiles/node_c.dir/home/asd/study/pico/deps/pico-sdk/src/rp2_common/hardware_irq/irq.c.o
                0x000000001000249c                irq_add_tail_to_free_list
 .text.user_irq_unclaim
                0x0000000010002558       0x10 CMakeFiles/node_c.dir/home/asd/study/pico/deps/pico-sdk/src/rp2_common/hardware_irq/irq.c.o
                0x0000000010002558                user_irq_unclaim
 .text.user_irq_claim_unused
                0x0000000010002568       0x28 CMakeFiles/node_c.dir/home/asd/study/pico/deps/pico-sdk/src/rp2_common/hardware_irq/irq.c.o
                0x0000000010002568                user_irq_claim_unused
 .text.sem_init
                0x0000000010002590       0x20 CMakeFiles/node_c.dir/home/asd/study/pico/deps/pico-sdk/src/common/pico_sync/sem.c.o
                0x0000000010002590                sem_init
 .text.lock_init
                0x00000000100025b0        0xc CMakeFiles/node_c.dir/home/asd/study/pico/deps/pico-sdk/src/common/pico_sync/lock_core.c.o
                0x00000000100025b0                lock_init
 .text.runtime_init_mutex
                0x00000000100025bc       0x54 CMakeFiles/node_c.dir/home/asd/study/pico/deps/pico-sdk/src/common/pico_sync/mutex.c.o
                0x00000000100025bc                runtime_init_mutex
 .text.mutex_init
                0x0000000010002610       0x1c CMakeFiles/node_c.dir/home/asd/study/pico/deps/pico-sdk/src/common/pico_sync/mutex.c.o
                0x0000000010002610                mutex_init
 .text.recursive_mutex_init
                0x000000001000262c       0x1c CMakeFiles/node_c.dir/home/asd/study/pico/deps/pico-sdk/src/common/pico_sync/mutex.c.o
                0x000000001000262c                recursive_mutex_init
 .text.critical_section_init
                0x0000000010002648       0x1c CMakeFiles/node_c.dir/home/asd/study/pico/deps/pico-sdk/src/common/pico_sync/critical_section.c.o
                0x0000000010002648                critical_section_init
 .text.critical_section_init_with_lock_num
                0x0000000010002664       0x10 CMakeFiles/node_c.dir/home/asd/study/pico/deps/pico-sdk/src/common/pico_sync/critical_section.c.o
                0x0000000010002664                critical_section_init_with_lock_num
 .text.sleep_until_callback
                0x0000000010002674       0x3c CMakeFiles/node_c.dir/home/asd/study/pico/deps/pico-sdk/src/common/pico_time/time.c.o
 .text.alarm_pool_irq_handler
                0x00000000100026b0      0x300 CMakeFiles/node_c.dir/home/asd/study/pico/deps/pico-sdk/src/common/pico_time/time.c.o
 .text.runtime_init_default_alarm_pool
                0x00000000100029b0      0x100 CMakeFiles/node_c.dir/home/asd/study/pico/deps/pico-sdk/src/common/pico_time/time.c.o
                0x00000000100029b0                runtime_init_default_alarm_pool
 .text.alarm_pool_get_default
                0x0000000010002ab0        0x8 CMakeFiles/node_c.dir/home/asd/study/pico/deps/pico-sdk/src/common/pico_time/time.c.o
                0x0000000010002ab0                alarm_pool_get_default
 .text.alarm_pool_add_alarm_at
                0x0000000010002ab8       0xdc CMakeFiles/node_c.dir/home/asd/study/pico/deps/pico-sdk/src/common/pico_time/time.c.o
                0x0000000010002ab8                alarm_pool_add_alarm_at
 .text.alarm_pool_add_alarm_at_force_in_context
                0x0000000010002b94       0xc4 CMakeFiles/node_c.dir/home/asd/study/pico/deps/pico-sdk/src/common/pico_time/time.c.o
                0x0000000010002b94                alarm_pool_add_alarm_at_force_in_context
 .text.alarm_pool_cancel_alarm
                0x0000000010002c58       0x80 CMakeFiles/node_c.dir/home/asd/study/pico/deps/pico-sdk/src/common/pico_time/time.c.o
                0x0000000010002c58                alarm_pool_cancel_alarm
 .text.alarm_pool_core_num
                0x0000000010002cd8        0x4 CMakeFiles/node_c.dir/home/asd/study/pico/deps/pico-sdk/src/common/pico_time/time.c.o
                0x0000000010002cd8                alarm_pool_core_num
 .text.sleep_until
                0x0000000010002cdc       0xbc CMakeFiles/node_c.dir/home/asd/study/pico/deps/pico-sdk/src/common/pico_time/time.c.o
                0x0000000010002cdc                sleep_until
 .text.sleep_ms
                0x0000000010002d98       0x24 CMakeFiles/node_c.dir/home/asd/study/pico/deps/pico-sdk/src/common/pico_time/time.c.o
                0x0000000010002d98                sleep_ms
 .text.best_effort_wfe_or_timeout
                0x0000000010002dbc       0xdc CMakeFiles/node_c.dir/home/asd/study/pico/deps/pico-sdk/src/common/pico_time/time.c.o
                0x0000000010002dbc                best_effort_wfe_or_timeout
 .text.timer_hardware_alarm_claim
                0x0000000010002e98       0x24 CMakeFiles/node_c.dir/home/asd/study/pico/deps/pico-sdk/src/rp2_common/hardware_timer/timer.c.o
                0x0000000010002e98                timer_hardware_alarm_claim
 .text.timer_time_us_64
                0x0000000010002ebc       0x10 CMakeFiles/node_c.dir/home/asd/study/pico/deps/pico-sdk/src/rp2_common/hardware_timer/timer.c.o
                0x0000000010002ebc                timer_time_us_64
 .text.time_us_64
                0x0000000010002ecc       0x14 CMakeFiles/node_c.dir/home/asd/study/pico/deps/pico-sdk/src/rp2_common/hardware_timer/timer.c.o
                0x0000000010002ecc                time_us_64
 .text.busy_wait_us
                0x0000000010002ee0       0x4c CMakeFiles/node_c.dir/home/asd/study/pico/deps/pico-sdk/src/rp2_common/hardware_timer/timer.c.o
                0x0000000010002ee0                busy_wait_us
 .text.busy_wait_until
                0x0000000010002f2c       0x24 CMakeFiles/node_c.dir/home/asd/study/pico/deps/pico-sdk/src/rp2_common/hardware_timer/timer.c.o
                0x0000000010002f2c                busy_wait_until
 .text.clock_configure_undivided
                0x0000000010002f50       0xd0 CMakeFiles/node_c.dir/home/asd/study/pico/deps/pico-sdk/src/rp2_common/hardware_clocks/clocks.c.o
                0x0000000010002f50                clock_configure_undivided
 .text.clock_get_hz
                0x0000000010003020        0xc CMakeFiles/node_c.dir/home/asd/study/pico/deps/pico-sdk/src/rp2_common/hardware_clocks/clocks.c.o
                0x0000000010003020                clock_get_hz
 .text.pll_init
                0x000000001000302c       0x8c CMakeFiles/node_c.dir/home/asd/study/pico/deps/pico-sdk/src/rp2_common/hardware_pll/pll.c.o
                0x000000001000302c                pll_init
 .text.watchdog_reboot
                0x00000000100030b8       0x9c CMakeFiles/node_c.dir/home/asd/study/pico/deps/pico-sdk/src/rp2_common/hardware_watchdog/watchdog.c.o
                0x00000000100030b8                watchdog_reboot
 .text.tick_start
                0x0000000010003154       0x18 CMakeFiles/node_c.dir/home/asd/study/pico/deps/pico-sdk/src/rp2_common/hardware_ticks/ticks.c.o
                0x0000000010003154                tick_start
 .text.rom_reboot.constprop.0.isra.0
                0x000000001000316c       0x38 CMakeFiles/node_c.dir/home/asd/study/pico/deps/pico-sdk/src/rp2_common/pico_bootrom/bootrom.c.o
 .text.rom_func_lookup
                0x00000000100031a4       0x18 CMakeFiles/node_c.dir/home/asd/study/pico/deps/pico-sdk/src/rp2_common/pico_bootrom/bootrom.c.o
                0x00000000100031a4                rom_func_lookup
 .text.rom_reset_usb_boot_extra
                0x00000000100031bc       0x1c CMakeFiles/node_c.dir/home/asd/study/pico/deps/pico-sdk/src/rp2_common/pico_bootrom/bootrom.c.o
                0x00000000100031bc                rom_reset_usb_boot_extra
 .text.rom_get_boot_random
                0x00000000100031d8       0x48 CMakeFiles/node_c.dir/home/asd/study/pico/deps/pico-sdk/src/rp2_common/pico_bootrom/bootrom.c.o
                0x00000000100031d8                rom_get_boot_random
 .text.runtime_init_bootrom_locking_enable
                0x0000000010003220       0x14 CMakeFiles/node_c.dir/home/asd/study/pico/deps/pico-sdk/src/rp2_common/pico_bootrom/bootrom_lock.c.o
                0x0000000010003220                runtime_init_bootrom_locking_enable
 .text.runtime_init_boot_locks_reset
                0x0000000010003234       0x1c CMakeFiles/node_c.dir/home/asd/study/pico/deps/pico-sdk/src/rp2_common/hardware_boot_lock/boot_lock.c.o
                0x0000000010003234                runtime_init_boot_locks_reset
 .text.xosc_init
                0x0000000010003250       0x30 CMakeFiles/node_c.dir/home/asd/study/pico/deps/pico-sdk/src/rp2_common/hardware_xosc/xosc.c.o
                0x0000000010003250                xosc_init
 .text.first_per_core_initializer
                0x0000000010003280        0x4 CMakeFiles/node_c.dir/home/asd/study/pico/deps/pico-sdk/src/rp2_common/pico_runtime/runtime.c.o
 .text.hard_assertion_failure
                0x0000000010003284        0xc CMakeFiles/node_c.dir/home/asd/study/pico/deps/pico-sdk/src/rp2_common/pico_runtime/runtime.c.o
                0x0000000010003284                hard_assertion_failure
 .text.runtime_run_initializers
                0x0000000010003290       0x20 CMakeFiles/node_c.dir/home/asd/study/pico/deps/pico-sdk/src/rp2_common/pico_runtime/runtime.c.o
                0x0000000010003290                runtime_run_initializers
 .text.runtime_init_early_resets
                0x00000000100032b0       0x34 CMakeFiles/node_c.dir/home/asd/study/pico/deps/pico-sdk/src/rp2_common/pico_runtime_init/runtime_init.c.o
                0x00000000100032b0                runtime_init_early_resets
 .text.runtime_init_usb_power_down
                0x00000000100032e4       0x1c CMakeFiles/node_c.dir/home/asd/study/pico/deps/pico-sdk/src/rp2_common/pico_runtime_init/runtime_init.c.o
                0x00000000100032e4                runtime_init_usb_power_down
 .text.runtime_init_per_core_enable_coprocessors
                0x0000000010003300       0x1c CMakeFiles/node_c.dir/home/asd/study/pico/deps/pico-sdk/src/rp2_common/pico_runtime_init/runtime_init.c.o
                0x0000000010003300                runtime_init_per_core_enable_coprocessors
 .text.runtime_init_post_clock_resets
                0x000000001000331c       0x20 CMakeFiles/node_c.dir/home/asd/study/pico/deps/pico-sdk/src/rp2_common/pico_runtime_init/runtime_init.c.o
                0x000000001000331c                runtime_init_post_clock_resets
 .text.runtime_init_bootrom_reset
                0x000000001000333c       0x14 CMakeFiles/node_c.dir/home/asd/study/pico/deps/pico-sdk/src/rp2_common/pico_runtime_init/runtime_init.c.o
                0x000000001000333c                runtime_init_bootrom_reset
 .text.runtime_init_per_core_bootrom_reset
                0x0000000010003350       0x14 CMakeFiles/node_c.dir/home/asd/study/pico/deps/pico-sdk/src/rp2_common/pico_runtime_init/runtime_init.c.o
                0x0000000010003350                runtime_init_per_core_bootrom_reset
 .text.runtime_init_spin_locks_reset
                0x0000000010003364        0x4 CMakeFiles/node_c.dir/home/asd/study/pico/deps/pico-sdk/src/rp2_common/pico_runtime_init/runtime_init.c.o
                0x0000000010003364                runtime_init_spin_locks_reset
 .text.runtime_init_install_ram_vector_table
                0x0000000010003368       0xd0 CMakeFiles/node_c.dir/home/asd/study/pico/deps/pico-sdk/src/rp2_common/pico_runtime_init/runtime_init.c.o
                0x0000000010003368                runtime_init_install_ram_vector_table
 .text.runtime_init_clocks
                0x0000000010003438       0xdc CMakeFiles/node_c.dir/home/asd/study/pico/deps/pico-sdk/src/rp2_common/pico_runtime_init/runtime_init_clocks.c.o
                0x0000000010003438                runtime_init_clocks
 .text.__rp2350_dcp_engaged_state_save_restore
                0x0000000010003514       0x3a CMakeFiles/node_c.dir/home/asd/study/pico/deps/pico-sdk/src/rp2_common/pico_double/double_aeabi_dcp.S.o
 *fill*         0x000000001000354e        0x2 
 .text.__wrap___aeabi_dadd
                0x0000000010003550       0x28 CMakeFiles/node_c.dir/home/asd/study/pico/deps/pico-sdk/src/rp2_common/pico_double/double_aeabi_dcp.S.o
                0x0000000010003558                __wrap___aeabi_dadd
 .text.__wrap___aeabi_dsub
                0x0000000010003578       0x28 CMakeFiles/node_c.dir/home/asd/study/pico/deps/pico-sdk/src/rp2_common/pico_double/double_aeabi_dcp.S.o
                0x0000000010003580                __wrap___aeabi_dsub
 .text.__wrap___aeabi_dmul
                0x00000000100035a0       0x4c CMakeFiles/node_c.dir/home/asd/study/pico/deps/pico-sdk/src/rp2_common/pico_double/double_aeabi_dcp.S.o
                0x00000000100035a8                __wrap___aeabi_dmul
 .text.__wrap___aeabi_ddiv
                0x00000000100035ec       0x9c CMakeFiles/node_c.dir/home/asd/study/pico/deps/pico-sdk/src/rp2_common/pico_double/double_aeabi_dcp.S.o
                0x00000000100035f4                __wrap___aeabi_ddiv
 .text.__wrap___aeabi_d2f
                0x0000000010003688       0x1c CMakeFiles/node_c.dir/home/asd/study/pico/deps/pico-sdk/src/rp2_common/pico_double/double_aeabi_dcp.S.o
                0x0000000010003690                double2float
                0x0000000010003690                __wrap___aeabi_d2f
 .text.__wrap___aeabi_i2d
                0x00000000100036a4       0x24 CMakeFiles/node_c.dir/home/asd/study/pico/deps/pico-sdk/src/rp2_common/pico_double/double_aeabi_dcp.S.o
                0x00000000100036ac                __wrap___aeabi_i2d
                0x00000000100036ac                int2double
 .text.__wrap___aeabi_ui2d
                0x00000000100036c8       0x24 CMakeFiles/node_c.dir/home/asd/study/pico/deps/pico-sdk/src/rp2_common/pico_double/double_aeabi_dcp.S.o
                0x00000000100036d0                __wrap___aeabi_ui2d
                0x00000000100036d0                uint2double
 .text.__wrap___aeabi_d2iz
                0x00000000100036ec       0x24 CMakeFiles/node_c.dir/home/asd/study/pico/deps/pico-sdk/src/rp2_common/pico_double/double_aeabi_dcp.S.o
                0x00000000100036f4                __wrap___aeabi_d2iz
                0x00000000100036f4                double2int_z
 .text.__wrap___aeabi_d2uiz
                0x0000000010003710       0x24 CMakeFiles/node_c.dir/home/asd/study/pico/deps/pico-sdk/src/rp2_common/pico_double/double_aeabi_dcp.S.o
                0x0000000010003718                double2uint_z
                0x0000000010003718                double2uint
                0x0000000010003718                __wrap___aeabi_d2uiz
 .text.__wrap___aeabi_dcmpun
                0x0000000010003734       0x24 CMakeFiles/node_c.dir/home/asd/study/pico/deps/pico-sdk/src/rp2_common/pico_double/double_aeabi_dcp.S.o
                0x000000001000373c                __wrap___aeabi_dcmpun
 .text.__wrap___aeabi_dcmpeq
                0x0000000010003758       0x24 CMakeFiles/node_c.dir/home/asd/study/pico/deps/pico-sdk/src/rp2_common/pico_double/double_aeabi_dcp.S.o
                0x0000000010003760                __wrap___aeabi_dcmpeq
 .text.__wrap___aeabi_dcmplt
                0x000000001000377c       0x28 CMakeFiles/node_c.dir/home/asd/study/pico/deps/pico-sdk/src/rp2_common/pico_double/double_aeabi_dcp.S.o
                0x0000000010003784                __wrap___aeabi_dcmplt
 .text.__wrap___aeabi_dcmple
                0x00000000100037a4       0x28 CMakeFiles/node_c.dir/home/asd/study/pico/deps/pico-sdk/src/rp2_common/pico_double/double_aeabi_dcp.S.o
                0x00000000100037ac                __wrap___aeabi_dcmple
 .text.__wrap___aeabi_dcmpge
                0x00000000100037cc       0x28 CMakeFiles/node_c.dir/home/asd/study/pico/deps/pico-sdk/src/rp2_common/pico_double/double_aeabi_dcp.S.o
                0x00000000100037d4                __wrap___aeabi_dcmpge
 .text.__wrap___aeabi_dcmpgt
                0x00000000100037f4       0x28 CMakeFiles/node_c.dir/home/asd/study/pico/deps/pico-sdk/src/rp2_common/pico_double/double_aeabi_dcp.S.o
                0x00000000100037fc                __wrap___aeabi_dcmpgt
 .text.__wrap_conv_tod
                0x000000001000381c      0x20c CMakeFiles/node_c.dir/home/asd/study/pico/deps/pico-sdk/src/rp2_common/pico_double/double_conv_m33.S.o
                0x000000001000381c                __wrap___aeabi_l2d
                0x000000001000381c                int642double
                0x000000001000381e                fix642double
                0x00000000100038c2                uint642double
                0x00000000100038c2                __wrap___aeabi_ul2d
                0x00000000100038c4                ufix642double
                0x0000000010003958                fix2double
                0x00000000100039c8                ufix2double
 .text.__wrap_conv_dtoi64_z
                0x0000000010003a28       0xa0 CMakeFiles/node_c.dir/home/asd/study/pico/deps/pico-sdk/src/rp2_common/pico_double/double_conv_m33.S.o
                0x0000000010003a28                __wrap___aeabi_d2lz
                0x0000000010003a28                double2int64_z
                0x0000000010003a2a                double2fix64_z
 .text._out_buffer
                0x0000000010003ac8        0x8 CMakeFiles/node_c.dir/home/asd/study/pico/deps/pico-sdk/src/rp2_common/pico_printf/printf.c.o
 .text._out_null
                0x0000000010003ad0        0x4 CMakeFiles/node_c.dir/home/asd/study/pico/deps/pico-sdk/src/rp2_common/pico_printf/printf.c.o
 .text._out_rev
                0x0000000010003ad4       0x88 CMakeFiles/node_c.dir/home/asd/study/pico/deps/pico-sdk/src/rp2_common/pico_printf/printf.c.o
 .text._ntoa_format
                0x0000000010003b5c      0x1e8 CMakeFiles/node_c.dir/home/asd/study/pico/deps/pico-sdk/src/rp2_common/pico_printf/printf.c.o
 .text._out_char
                0x0000000010003d44        0x8 CMakeFiles/node_c.dir/home/asd/study/pico/deps/pico-sdk/src/rp2_common/pico_printf/printf.c.o
 .text._out_fct
                0x0000000010003d4c        0xc CMakeFiles/node_c.dir/home/asd/study/pico/deps/pico-sdk/src/rp2_common/pico_printf/printf.c.o
 .text._etoa    0x0000000010003d58      0x460 CMakeFiles/node_c.dir/home/asd/study/pico/deps/pico-sdk/src/rp2_common/pico_printf/printf.c.o
 .text._ftoa    0x00000000100041b8      0x3d8 CMakeFiles/node_c.dir/home/asd/study/pico/deps/pico-sdk/src/rp2_common/pico_printf/printf.c.o
 .text._vsnprintf
                0x0000000010004590      0x9c8 CMakeFiles/node_c.dir/home/asd/study/pico/deps/pico-sdk/src/rp2_common/pico_printf/printf.c.o
 .text.__wrap_sprintf
                0x0000000010004f58       0x2c CMakeFiles/node_c.dir/home/asd/study/pico/deps/pico-sdk/src/rp2_common/pico_printf/printf.c.o
                0x0000000010004f58                __wrap_sprintf
 .text.__wrap_snprintf
                0x0000000010004f84       0x2c CMakeFiles/node_c.dir/home/asd/study/pico/deps/pico-sdk/src/rp2_common/pico_printf/printf.c.o
                0x0000000010004f84                __wrap_snprintf
 .text.__wrap_vsnprintf
                0x0000000010004fb0       0x24 CMakeFiles/node_c.dir/home/asd/study/pico/deps/pico-sdk/src/rp2_common/pico_printf/printf.c.o
                0x0000000010004fb0                __wrap_vsnprintf
 .text.vfctprintf
                0x0000000010004fd4       0x28 CMakeFiles/node_c.dir/home/asd/study/pico/deps/pico-sdk/src/rp2_common/pico_printf/printf.c.o
                0x0000000010004fd4                vfctprintf
 .text.weak_raw_printf
                0x0000000010004ffc       0x48 CMakeFiles/node_c.dir/home/asd/study/pico/deps/pico-sdk/src/rp2_common/pico_printf/printf.c.o
                0x0000000010004ffc                weak_raw_printf
 .text.weak_raw_vprintf
                0x0000000010005044       0x30 CMakeFiles/node_c.dir/home/asd/study/pico/deps/pico-sdk/src/rp2_common/pico_printf/printf.c.o
                0x0000000010005044                weak_raw_vprintf
 .text._exit    0x0000000010005074        0x4 CMakeFiles/node_c.dir/home/asd/study/pico/deps/pico-sdk/src/rp2_common/pico_clib_interface/newlib_interface.c.o
                0x0000000010005074                _exit
 .text._sbrk    0x0000000010005078       0x2c CMakeFiles/node_c.dir/home/asd/study/pico/deps/pico-sdk/src/rp2_common/pico_clib_interface/newlib_interface.c.o
                0x0000000010005078                _sbrk
 .text._read    0x00000000100050a4       0x1c CMakeFiles/node_c.dir/home/asd/study/pico/deps/pico-sdk/src/rp2_common/pico_clib_interface/newlib_interface.c.o
                0x00000000100050a4                _read
 .text._write   0x00000000100050c0       0x20 CMakeFiles/node_c.dir/home/asd/study/pico/deps/pico-sdk/src/rp2_common/pico_clib_interface/newlib_interface.c.o
                0x00000000100050c0                _write
 .text._close   0x00000000100050e0        0x8 CMakeFiles/node_c.dir/home/asd/study/pico/deps/pico-sdk/src/rp2_common/pico_clib_interface/newlib_interface.c.o
                0x00000000100050e0                _close
 .text._lseek   0x00000000100050e8        0x8 CMakeFiles/node_c.dir/home/asd/study/pico/deps/pico-sdk/src/rp2_common/pico_clib_interface/newlib_interface.c.o
                0x00000000100050e8                _lseek
 .text.exit     0x00000000100050f0        0x8 CMakeFiles/node_c.dir/home/asd/study/pico/deps/pico-sdk/src/rp2_common/pico_clib_interface/newlib_interface.c.o
                0x00000000100050f0                exit
 .text.__assert_func
                0x00000000100050f8       0x34 CMakeFiles/node_c.dir/home/asd/study/pico/deps/pico-sdk/src/rp2_common/pico_clib_interface/newlib_interface.c.o
                0x00000000100050f8                __assert_func
 .text.runtime_init
                0x000000001000512c       0x24 CMakeFiles/node_c.dir/home/asd/study/pico/deps/pico-sdk/src/rp2_common/pico_clib_interface/newlib_interface.c.o
                0x000000001000512c                runtime_init
 .text.stdio_out_chars_no_crlf
                0x0000000010005150        0x8 CMakeFiles/node_c.dir/home/asd/study/pico/deps/pico-sdk/src/rp2_common/pico_stdio/stdio.c.o
 .text.stdio_out_chars_crlf
                0x0000000010005158       0xac CMakeFiles/node_c.dir/home/asd/study/pico/deps/pico-sdk/src/rp2_common/pico_stdio/stdio.c.o
 .text.stdio_buffered_printer
                0x0000000010005204       0x60 CMakeFiles/node_c.dir/home/asd/study/pico/deps/pico-sdk/src/rp2_common/pico_stdio/stdio.c.o
 .text.stdio_put_string
                0x0000000010005264       0xe8 CMakeFiles/node_c.dir/home/asd/study/pico/deps/pico-sdk/src/rp2_common/pico_stdio/stdio.c.o
                0x0000000010005264                stdio_put_string
 .text.stdio_get_until
                0x000000001000534c       0x7c CMakeFiles/node_c.dir/home/asd/study/pico/deps/pico-sdk/src/rp2_common/pico_stdio/stdio.c.o
                0x000000001000534c                stdio_get_until
 .text.stdio_set_driver_enabled
                0x00000000100053c8       0x28 CMakeFiles/node_c.dir/home/asd/study/pico/deps/pico-sdk/src/rp2_common/pico_stdio/stdio.c.o
                0x00000000100053c8                stdio_set_driver_enabled
 .text.stdio_init_all
                0x00000000100053f0        0x4 CMakeFiles/node_c.dir/home/asd/study/pico/deps/pico-sdk/src/rp2_common/pico_stdio/stdio.c.o
                0x00000000100053f0                stdio_init_all
 .text.stdio_getchar_timeout_us
                0x00000000100053f4       0x84 CMakeFiles/node_c.dir/home/asd/study/pico/deps/pico-sdk/src/rp2_common/pico_stdio/stdio.c.o
                0x00000000100053f4                stdio_getchar_timeout_us
 .text.__wrap_putchar
                0x0000000010005478       0x7c CMakeFiles/node_c.dir/home/asd/study/pico/deps/pico-sdk/src/rp2_common/pico_stdio/stdio.c.o
                0x0000000010005478                stdio_putchar
                0x0000000010005478                __wrap_putchar
 .text.__wrap_puts
                0x00000000100054f4       0x3c CMakeFiles/node_c.dir/home/asd/study/pico/deps/pico-sdk/src/rp2_common/pico_stdio/stdio.c.o
                0x00000000100054f4                __wrap_puts
                0x00000000100054f4                stdio_puts
 .text.__wrap_vprintf
                0x0000000010005530       0xc0 CMakeFiles/node_c.dir/home/asd/study/pico/deps/pico-sdk/src/rp2_common/pico_stdio/stdio.c.o
                0x0000000010005530                __wrap_vprintf
                0x0000000010005530                stdio_vprintf
 .text.__wrap_printf
                0x00000000100055f0       0x1c CMakeFiles/node_c.dir/home/asd/study/pico/deps/pico-sdk/src/rp2_common/pico_stdio/stdio.c.o
                0x00000000100055f0                stdio_printf
                0x00000000100055f0                __wrap_printf
 .text.resetd_init
                0x000000001000560c        0x4 CMakeFiles/node_c.dir/home/asd/study/pico/deps/pico-sdk/src/rp2_common/pico_stdio_usb/reset_interface.c.o
 .text.resetd_reset
                0x0000000010005610        0xc CMakeFiles/node_c.dir/home/asd/study/pico/deps/pico-sdk/src/rp2_common/pico_stdio_usb/reset_interface.c.o
 .text.resetd_open
                0x000000001000561c       0x28 CMakeFiles/node_c.dir/home/asd/study/pico/deps/pico-sdk/src/rp2_common/pico_stdio_usb/reset_interface.c.o
 .text.resetd_xfer_cb
                0x0000000010005644        0x4 CMakeFiles/node_c.dir/home/asd/study/pico/deps/pico-sdk/src/rp2_common/pico_stdio_usb/reset_interface.c.o
 .text.resetd_control_xfer_cb
                0x0000000010005648       0x54 CMakeFiles/node_c.dir/home/asd/study/pico/deps/pico-sdk/src/rp2_common/pico_stdio_usb/reset_interface.c.o
 .text.tud_descriptor_bos_cb
                0x000000001000569c        0x8 CMakeFiles/node_c.dir/home/asd/study/pico/deps/pico-sdk/src/rp2_common/pico_stdio_usb/reset_interface.c.o
                0x000000001000569c                tud_descriptor_bos_cb
 .text.tud_vendor_control_xfer_cb
                0x00000000100056a4       0x28 CMakeFiles/node_c.dir/home/asd/study/pico/deps/pico-sdk/src/rp2_common/pico_stdio_usb/reset_interface.c.o
                0x00000000100056a4                tud_vendor_control_xfer_cb
 .text.usbd_app_driver_get_cb
                0x00000000100056cc       0x10 CMakeFiles/node_c.dir/home/asd/study/pico/deps/pico-sdk/src/rp2_common/pico_stdio_usb/reset_interface.c.o
                0x00000000100056cc                usbd_app_driver_get_cb
 .text.tud_cdc_line_coding_cb
                0x00000000100056dc       0x18 CMakeFiles/node_c.dir/home/asd/study/pico/deps/pico-sdk/src/rp2_common/pico_stdio_usb/reset_interface.c.o
                0x00000000100056dc                tud_cdc_line_coding_cb
 .text.stdio_usb_set_chars_available_callback
                0x00000000100056f4       0x14 CMakeFiles/node_c.dir/home/asd/study/pico/deps/pico-sdk/src/rp2_common/pico_stdio_usb/stdio_usb.c.o
                0x00000000100056f4                stdio_usb_set_chars_available_callback
 .text.timer_task
                0x0000000010005708       0x70 CMakeFiles/node_c.dir/home/asd/study/pico/deps/pico-sdk/src/rp2_common/pico_stdio_usb/stdio_usb.c.o
 .text.usb_irq  0x0000000010005778        0xc CMakeFiles/node_c.dir/home/asd/study/pico/deps/pico-sdk/src/rp2_common/pico_stdio_usb/stdio_usb.c.o
 .text.stdio_usb_in_chars
                0x0000000010005784       0x84 CMakeFiles/node_c.dir/home/asd/study/pico/deps/pico-sdk/src/rp2_common/pico_stdio_usb/stdio_usb.c.o
                0x0000000010005784                stdio_usb_in_chars
 .text.stdio_usb_out_flush
                0x0000000010005808       0x4c CMakeFiles/node_c.dir/home/asd/study/pico/deps/pico-sdk/src/rp2_common/pico_stdio_usb/stdio_usb.c.o
 .text.stdio_usb_out_chars
                0x0000000010005854       0xf0 CMakeFiles/node_c.dir/home/asd/study/pico/deps/pico-sdk/src/rp2_common/pico_stdio_usb/stdio_usb.c.o
 .text.low_priority_worker_irq
                0x0000000010005944       0xc8 CMakeFiles/node_c.dir/home/asd/study/pico/deps/pico-sdk/src/rp2_common/pico_stdio_usb/stdio_usb.c.o
 .text.stdio_usb_init
                0x0000000010005a0c       0xdc CMakeFiles/node_c.dir/home/asd/study/pico/deps/pico-sdk/src/rp2_common/pico_stdio_usb/stdio_usb.c.o
                0x0000000010005a0c                stdio_usb_init
 .text.tud_descriptor_device_cb
                0x0000000010005ae8        0x8 CMakeFiles/node_c.dir/home/asd/study/pico/deps/pico-sdk/src/rp2_common/pico_stdio_usb/stdio_usb_descriptors.c.o
                0x0000000010005ae8                tud_descriptor_device_cb
 .text.tud_descriptor_configuration_cb
                0x0000000010005af0        0x8 CMakeFiles/node_c.dir/home/asd/study/pico/deps/pico-sdk/src/rp2_common/pico_stdio_usb/stdio_usb_descriptors.c.o
                0x0000000010005af0                tud_descriptor_configuration_cb
 .text.tud_descriptor_string_cb
                0x0000000010005af8       0x78 CMakeFiles/node_c.dir/home/asd/study/pico/deps/pico-sdk/src/rp2_common/pico_stdio_usb/stdio_usb_descriptors.c.o
                0x0000000010005af8                tud_descriptor_string_cb
 .text.startup._retrieve_unique_id_on_boot
                0x0000000010005b70       0x30 CMakeFiles/node_c.dir/home/asd/study/pico/deps/pico-sdk/src/rp2_common/pico_unique_id/unique_id.c.o
 .text.pico_get_unique_board_id
                0x0000000010005ba0       0x10 CMakeFiles/node_c.dir/home/asd/study/pico/deps/pico-sdk/src/rp2_common/pico_unique_id/unique_id.c.o
                0x0000000010005ba0                pico_get_unique_board_id
 .text.pico_get_unique_board_id_string
                0x0000000010005bb0      0x180 CMakeFiles/node_c.dir/home/asd/study/pico/deps/pico-sdk/src/rp2_common/pico_unique_id/unique_id.c.o
                0x0000000010005bb0                pico_get_unique_board_id_string
 .text.dcd_init
                0x0000000010005d30       0x94 CMakeFiles/node_c.dir/home/asd/study/pico/deps/pico-sdk/lib/tinyusb/src/portable/raspberrypi/rp2040/dcd_rp2040.c.o
                0x0000000010005d30                dcd_init
 .text.dcd_int_enable
                0x0000000010005dc4        0x8 CMakeFiles/node_c.dir/home/asd/study/pico/deps/pico-sdk/lib/tinyusb/src/portable/raspberrypi/rp2040/dcd_rp2040.c.o
                0x0000000010005dc4                dcd_int_enable
 .text.dcd_set_address
                0x0000000010005dcc       0x10 CMakeFiles/node_c.dir/home/asd/study/pico/deps/pico-sdk/lib/tinyusb/src/portable/raspberrypi/rp2040/dcd_rp2040.c.o
                0x0000000010005dcc                dcd_set_address
 .text.dcd_sof_enable
                0x0000000010005ddc       0x1c CMakeFiles/node_c.dir/home/asd/study/pico/deps/pico-sdk/lib/tinyusb/src/portable/raspberrypi/rp2040/dcd_rp2040.c.o
                0x0000000010005ddc                dcd_sof_enable
 .text.dcd_edpt0_status_complete
                0x0000000010005df8       0x1c CMakeFiles/node_c.dir/home/asd/study/pico/deps/pico-sdk/lib/tinyusb/src/portable/raspberrypi/rp2040/dcd_rp2040.c.o
                0x0000000010005df8                dcd_edpt0_status_complete
 .text.dcd_edpt_open
                0x0000000010005e14      0x110 CMakeFiles/node_c.dir/home/asd/study/pico/deps/pico-sdk/lib/tinyusb/src/portable/raspberrypi/rp2040/dcd_rp2040.c.o
                0x0000000010005e14                dcd_edpt_open
 .text.dcd_edpt_close_all
                0x0000000010005f24        0x4 CMakeFiles/node_c.dir/home/asd/study/pico/deps/pico-sdk/lib/tinyusb/src/portable/raspberrypi/rp2040/dcd_rp2040.c.o
                0x0000000010005f24                dcd_edpt_close_all
 .text.dcd_edpt_xfer
                0x0000000010005f28       0x28 CMakeFiles/node_c.dir/home/asd/study/pico/deps/pico-sdk/lib/tinyusb/src/portable/raspberrypi/rp2040/dcd_rp2040.c.o
                0x0000000010005f28                dcd_edpt_xfer
 .text.dcd_edpt_stall
                0x0000000010005f50       0x30 CMakeFiles/node_c.dir/home/asd/study/pico/deps/pico-sdk/lib/tinyusb/src/portable/raspberrypi/rp2040/dcd_rp2040.c.o
                0x0000000010005f50                dcd_edpt_stall
 .text.dcd_edpt_clear_stall
                0x0000000010005f80       0x2c CMakeFiles/node_c.dir/home/asd/study/pico/deps/pico-sdk/lib/tinyusb/src/portable/raspberrypi/rp2040/dcd_rp2040.c.o
                0x0000000010005f80                dcd_edpt_clear_stall
 .text.rp2040_usb_init
                0x0000000010005fac       0x40 CMakeFiles/node_c.dir/home/asd/study/pico/deps/pico-sdk/lib/tinyusb/src/portable/raspberrypi/rp2040/rp2040_usb.c.o
                0x0000000010005fac                rp2040_usb_init
 .text.hw_endpoint_xfer_start
                0x0000000010005fec       0x4c CMakeFiles/node_c.dir/home/asd/study/pico/deps/pico-sdk/lib/tinyusb/src/portable/raspberrypi/rp2040/rp2040_usb.c.o
                0x0000000010005fec                hw_endpoint_xfer_start
 .text.configuration_reset
                0x0000000010006038       0x8c CMakeFiles/node_c.dir/home/asd/study/pico/deps/pico-sdk/lib/tinyusb/src/device/usbd.c.o
 .text.tud_event_hook_cb
                0x00000000100060c4        0x4 CMakeFiles/node_c.dir/home/asd/study/pico/deps/pico-sdk/lib/tinyusb/src/device/usbd.c.o
                0x00000000100060c4                tud_event_hook_cb
 .text.tud_sof_cb
                0x00000000100060c8        0x4 CMakeFiles/node_c.dir/home/asd/study/pico/deps/pico-sdk/lib/tinyusb/src/device/usbd.c.o
                0x00000000100060c8                tud_sof_cb
 .text.tud_descriptor_device_qualifier_cb
                0x00000000100060cc        0x4 CMakeFiles/node_c.dir/home/asd/study/pico/deps/pico-sdk/lib/tinyusb/src/device/usbd.c.o
                0x00000000100060cc                tud_descriptor_device_qualifier_cb
 .text.tud_descriptor_other_speed_configuration_cb
                0x00000000100060d0        0x4 CMakeFiles/node_c.dir/home/asd/study/pico/deps/pico-sdk/lib/tinyusb/src/device/usbd.c.o
                0x00000000100060d0                tud_descriptor_other_speed_configuration_cb
 .text.tud_mount_cb
                0x00000000100060d4        0x4 CMakeFiles/node_c.dir/home/asd/study/pico/deps/pico-sdk/lib/tinyusb/src/device/usbd.c.o
                0x00000000100060d4                tud_mount_cb
 .text.tud_umount_cb
                0x00000000100060d8        0x4 CMakeFiles/node_c.dir/home/asd/study/pico/deps/pico-sdk/lib/tinyusb/src/device/usbd.c.o
                0x00000000100060d8                tud_umount_cb
 .text.tud_suspend_cb
                0x00000000100060dc        0x4 CMakeFiles/node_c.dir/home/asd/study/pico/deps/pico-sdk/lib/tinyusb/src/device/usbd.c.o
                0x00000000100060dc                tud_suspend_cb
 .text.tud_resume_cb
                0x00000000100060e0        0x4 CMakeFiles/node_c.dir/home/asd/study/pico/deps/pico-sdk/lib/tinyusb/src/device/usbd.c.o
                0x00000000100060e0                tud_resume_cb
 .text.tud_mounted
                0x00000000100060e4       0x10 CMakeFiles/node_c.dir/home/asd/study/pico/deps/pico-sdk/lib/tinyusb/src/device/usbd.c.o
                0x00000000100060e4                tud_mounted
 .text.tud_suspended
                0x00000000100060f4       0x10 CMakeFiles/node_c.dir/home/asd/study/pico/deps/pico-sdk/lib/tinyusb/src/device/usbd.c.o
                0x00000000100060f4                tud_suspended
 .text.tud_rhport_init
                0x0000000010006104      0x110 CMakeFiles/node_c.dir/home/asd/study/pico/deps/pico-sdk/lib/tinyusb/src/device/usbd.c.o
                0x0000000010006104                tud_rhport_init
 .text.tud_task_ext
                0x0000000010006214      0x7a4 CMakeFiles/node_c.dir/home/asd/study/pico/deps/pico-sdk/lib/tinyusb/src/device/usbd.c.o
                0x0000000010006214                tud_task_ext
 .text.usbd_open_edpt_pair
                0x00000000100069b8       0x9c CMakeFiles/node_c.dir/home/asd/study/pico/deps/pico-sdk/lib/tinyusb/src/device/usbd.c.o
                0x00000000100069b8                usbd_open_edpt_pair
 .text.usbd_edpt_open
                0x0000000010006a54       0x44 CMakeFiles/node_c.dir/home/asd/study/pico/deps/pico-sdk/lib/tinyusb/src/device/usbd.c.o
                0x0000000010006a54                usbd_edpt_open
 .text.usbd_edpt_claim
                0x0000000010006a98       0x24 CMakeFiles/node_c.dir/home/asd/study/pico/deps/pico-sdk/lib/tinyusb/src/device/usbd.c.o
                0x0000000010006a98                usbd_edpt_claim
 .text.usbd_edpt_release
                0x0000000010006abc       0x24 CMakeFiles/node_c.dir/home/asd/study/pico/deps/pico-sdk/lib/tinyusb/src/device/usbd.c.o
                0x0000000010006abc                usbd_edpt_release
 .text.usbd_edpt_xfer
                0x0000000010006ae0       0x70 CMakeFiles/node_c.dir/home/asd/study/pico/deps/pico-sdk/lib/tinyusb/src/device/usbd.c.o
                0x0000000010006ae0                usbd_edpt_xfer
 .text.tud_control_status
                0x0000000010006b50       0x34 CMakeFiles/node_c.dir/home/asd/study/pico/deps/pico-sdk/lib/tinyusb/src/device/usbd_control.c.o
                0x0000000010006b50                tud_control_status
 .text.tud_control_xfer
                0x0000000010006b84       0xcc CMakeFiles/node_c.dir/home/asd/study/pico/deps/pico-sdk/lib/tinyusb/src/device/usbd_control.c.o
                0x0000000010006b84                tud_control_xfer
 .text.usbd_control_reset
                0x0000000010006c50       0x14 CMakeFiles/node_c.dir/home/asd/study/pico/deps/pico-sdk/lib/tinyusb/src/device/usbd_control.c.o
                0x0000000010006c50                usbd_control_reset
 .text.usbd_control_set_complete_callback
                0x0000000010006c64        0xc CMakeFiles/node_c.dir/home/asd/study/pico/deps/pico-sdk/lib/tinyusb/src/device/usbd_control.c.o
                0x0000000010006c64                usbd_control_set_complete_callback
 .text.usbd_control_set_request
                0x0000000010006c70       0x1c CMakeFiles/node_c.dir/home/asd/study/pico/deps/pico-sdk/lib/tinyusb/src/device/usbd_control.c.o
                0x0000000010006c70                usbd_control_set_request
 .text.usbd_control_xfer_cb
                0x0000000010006c8c      0x110 CMakeFiles/node_c.dir/home/asd/study/pico/deps/pico-sdk/lib/tinyusb/src/device/usbd_control.c.o
                0x0000000010006c8c                usbd_control_xfer_cb
 .text._prep_out_transaction.isra.0
                0x0000000010006d9c       0x78 CMakeFiles/node_c.dir/home/asd/study/pico/deps/pico-sdk/lib/tinyusb/src/class/cdc/cdc_device.c.o
 .text.tud_cdc_n_connected
                0x0000000010006e14       0x2c CMakeFiles/node_c.dir/home/asd/study/pico/deps/pico-sdk/lib/tinyusb/src/class/cdc/cdc_device.c.o
                0x0000000010006e14                tud_cdc_n_connected
 .text.tud_cdc_n_available
                0x0000000010006e40       0x18 CMakeFiles/node_c.dir/home/asd/study/pico/deps/pico-sdk/lib/tinyusb/src/class/cdc/cdc_device.c.o
                0x0000000010006e40                tud_cdc_n_available
 .text.tud_cdc_n_read
                0x0000000010006e58       0x90 CMakeFiles/node_c.dir/home/asd/study/pico/deps/pico-sdk/lib/tinyusb/src/class/cdc/cdc_device.c.o
                0x0000000010006e58                tud_cdc_n_read
 .text.tud_cdc_n_write_flush
                0x0000000010006ee8       0x88 CMakeFiles/node_c.dir/home/asd/study/pico/deps/pico-sdk/lib/tinyusb/src/class/cdc/cdc_device.c.o
                0x0000000010006ee8                tud_cdc_n_write_flush
 .text.tud_cdc_n_write
                0x0000000010006f70       0x48 CMakeFiles/node_c.dir/home/asd/study/pico/deps/pico-sdk/lib/tinyusb/src/class/cdc/cdc_device.c.o
                0x0000000010006f70                tud_cdc_n_write
 .text.tud_cdc_n_write_available
                0x0000000010006fb8       0x18 CMakeFiles/node_c.dir/home/asd/study/pico/deps/pico-sdk/lib/tinyusb/src/class/cdc/cdc_device.c.o
                0x0000000010006fb8                tud_cdc_n_write_available
 .text.cdcd_init
                0x0000000010006fd0       0x70 CMakeFiles/node_c.dir/home/asd/study/pico/deps/pico-sdk/lib/tinyusb/src/class/cdc/cdc_device.c.o
                0x0000000010006fd0                cdcd_init
 .text.cdcd_deinit
                0x0000000010007040       0x20 CMakeFiles/node_c.dir/home/asd/study/pico/deps/pico-sdk/lib/tinyusb/src/class/cdc/cdc_device.c.o
                0x0000000010007040                cdcd_deinit
 .text.cdcd_reset
                0x0000000010007060       0x4c CMakeFiles/node_c.dir/home/asd/study/pico/deps/pico-sdk/lib/tinyusb/src/class/cdc/cdc_device.c.o
                0x0000000010007060                cdcd_reset
 .text.cdcd_open
                0x00000000100070ac       0xbc CMakeFiles/node_c.dir/home/asd/study/pico/deps/pico-sdk/lib/tinyusb/src/class/cdc/cdc_device.c.o
                0x00000000100070ac                cdcd_open
 .text.cdcd_control_xfer_cb
                0x0000000010007168       0xc8 CMakeFiles/node_c.dir/home/asd/study/pico/deps/pico-sdk/lib/tinyusb/src/class/cdc/cdc_device.c.o
                0x0000000010007168                cdcd_control_xfer_cb
 .text.cdcd_xfer_cb
                0x0000000010007230      0x100 CMakeFiles/node_c.dir/home/asd/study/pico/deps/pico-sdk/lib/tinyusb/src/class/cdc/cdc_device.c.o
                0x0000000010007230                cdcd_xfer_cb
 .text.vendord_init
                0x0000000010007330       0x5c CMakeFiles/node_c.dir/home/asd/study/pico/deps/pico-sdk/lib/tinyusb/src/class/vendor/vendor_device.c.o
                0x0000000010007330                vendord_init
 .text.vendord_deinit
                0x000000001000738c       0x1c CMakeFiles/node_c.dir/home/asd/study/pico/deps/pico-sdk/lib/tinyusb/src/class/vendor/vendor_device.c.o
                0x000000001000738c                vendord_deinit
 .text.vendord_reset
                0x00000000100073a8       0x24 CMakeFiles/node_c.dir/home/asd/study/pico/deps/pico-sdk/lib/tinyusb/src/class/vendor/vendor_device.c.o
                0x00000000100073a8                vendord_reset
 .text.vendord_open
                0x00000000100073cc       0xfc CMakeFiles/node_c.dir/home/asd/study/pico/deps/pico-sdk/lib/tinyusb/src/class/vendor/vendor_device.c.o
                0x00000000100073cc                vendord_open
 .text.vendord_xfer_cb
                0x00000000100074c8       0x8c CMakeFiles/node_c.dir/home/asd/study/pico/deps/pico-sdk/lib/tinyusb/src/class/vendor/vendor_device.c.o
                0x00000000100074c8                vendord_xfer_cb
 .text.tusb_rhport_init
                0x0000000010007554       0x74 CMakeFiles/node_c.dir/home/asd/study/pico/deps/pico-sdk/lib/tinyusb/src/tusb.c.o
                0x0000000010007554                tusb_rhport_init
 .text.tu_edpt_claim
                0x00000000100075c8       0x54 CMakeFiles/node_c.dir/home/asd/study/pico/deps/pico-sdk/lib/tinyusb/src/tusb.c.o
                0x00000000100075c8                tu_edpt_claim
 .text.tu_edpt_release
                0x000000001000761c       0x38 CMakeFiles/node_c.dir/home/asd/study/pico/deps/pico-sdk/lib/tinyusb/src/tusb.c.o
                0x000000001000761c                tu_edpt_release
 .text.tu_edpt_validate
                0x0000000010007654       0x68 CMakeFiles/node_c.dir/home/asd/study/pico/deps/pico-sdk/lib/tinyusb/src/tusb.c.o
                0x0000000010007654                tu_edpt_validate
 .text.tu_edpt_bind_driver
                0x00000000100076bc       0x58 CMakeFiles/node_c.dir/home/asd/study/pico/deps/pico-sdk/lib/tinyusb/src/tusb.c.o
                0x00000000100076bc                tu_edpt_bind_driver
 .text.tu_edpt_stream_init
                0x0000000010007714       0x58 CMakeFiles/node_c.dir/home/asd/study/pico/deps/pico-sdk/lib/tinyusb/src/tusb.c.o
                0x0000000010007714                tu_edpt_stream_init
 .text.tu_edpt_stream_deinit
                0x000000001000776c        0x4 CMakeFiles/node_c.dir/home/asd/study/pico/deps/pico-sdk/lib/tinyusb/src/tusb.c.o
                0x000000001000776c                tu_edpt_stream_deinit
 .text.tu_edpt_stream_write_zlp_if_needed
                0x0000000010007770       0x68 CMakeFiles/node_c.dir/home/asd/study/pico/deps/pico-sdk/lib/tinyusb/src/tusb.c.o
                0x0000000010007770                tu_edpt_stream_write_zlp_if_needed
 .text.tu_edpt_stream_write_xfer
                0x00000000100077d8       0x74 CMakeFiles/node_c.dir/home/asd/study/pico/deps/pico-sdk/lib/tinyusb/src/tusb.c.o
                0x00000000100077d8                tu_edpt_stream_write_xfer
 .text.tu_edpt_stream_read_xfer
                0x000000001000784c       0xd4 CMakeFiles/node_c.dir/home/asd/study/pico/deps/pico-sdk/lib/tinyusb/src/tusb.c.o
                0x000000001000784c                tu_edpt_stream_read_xfer
 .text.tu_fifo_config
                0x0000000010007920       0x64 CMakeFiles/node_c.dir/home/asd/study/pico/deps/pico-sdk/lib/tinyusb/src/common/tusb_fifo.c.o
                0x0000000010007920                tu_fifo_config
 .text.tu_fifo_count
                0x0000000010007984       0x20 CMakeFiles/node_c.dir/home/asd/study/pico/deps/pico-sdk/lib/tinyusb/src/common/tusb_fifo.c.o
                0x0000000010007984                tu_fifo_count
 .text.tu_fifo_empty
                0x00000000100079a4       0x14 CMakeFiles/node_c.dir/home/asd/study/pico/deps/pico-sdk/lib/tinyusb/src/common/tusb_fifo.c.o
                0x00000000100079a4                tu_fifo_empty
 .text.tu_fifo_remaining
                0x00000000100079b8       0x24 CMakeFiles/node_c.dir/home/asd/study/pico/deps/pico-sdk/lib/tinyusb/src/common/tusb_fifo.c.o
                0x00000000100079b8                tu_fifo_remaining
 .text.tu_fifo_read
                0x00000000100079dc       0x94 CMakeFiles/node_c.dir/home/asd/study/pico/deps/pico-sdk/lib/tinyusb/src/common/tusb_fifo.c.o
                0x00000000100079dc                tu_fifo_read
 .text.tu_fifo_read_n
                0x0000000010007a70       0xd4 CMakeFiles/node_c.dir/home/asd/study/pico/deps/pico-sdk/lib/tinyusb/src/common/tusb_fifo.c.o
                0x0000000010007a70                tu_fifo_read_n
 .text.tu_fifo_write
                0x0000000010007b44       0x84 CMakeFiles/node_c.dir/home/asd/study/pico/deps/pico-sdk/lib/tinyusb/src/common/tusb_fifo.c.o
                0x0000000010007b44                tu_fifo_write
 .text.tu_fifo_write_n
                0x0000000010007bc8      0x15c CMakeFiles/node_c.dir/home/asd/study/pico/deps/pico-sdk/lib/tinyusb/src/common/tusb_fifo.c.o
                0x0000000010007bc8                tu_fifo_write_n
 .text.tu_fifo_clear
                0x0000000010007d24       0x38 CMakeFiles/node_c.dir/home/asd/study/pico/deps/pico-sdk/lib/tinyusb/src/common/tusb_fifo.c.o
                0x0000000010007d24                tu_fifo_clear
 .text.tu_fifo_set_overwritable
                0x0000000010007d5c       0x3c CMakeFiles/node_c.dir/home/asd/study/pico/deps/pico-sdk/lib/tinyusb/src/common/tusb_fifo.c.o
                0x0000000010007d5c                tu_fifo_set_overwritable
 .text.lwip_timeout_reached
                0x0000000010007d98        0x4 CMakeFiles/node_c.dir/home/asd/study/pico/deps/pico-sdk/src/rp2_common/pico_lwip/lwip_nosys.c.o
 .text.update_next_timeout
                0x0000000010007d9c       0x54 CMakeFiles/node_c.dir/home/asd/study/pico/deps/pico-sdk/src/rp2_common/pico_lwip/lwip_nosys.c.o
 .text.lwip_nosys_init
                0x0000000010007df0       0x30 CMakeFiles/node_c.dir/home/asd/study/pico/deps/pico-sdk/src/rp2_common/pico_lwip/lwip_nosys.c.o
                0x0000000010007df0                lwip_nosys_init
 .text.lwip_nosys_deinit
                0x0000000010007e20       0x24 CMakeFiles/node_c.dir/home/asd/study/pico/deps/pico-sdk/src/rp2_common/pico_lwip/lwip_nosys.c.o
                0x0000000010007e20                lwip_nosys_deinit
 .text.sys_arch_protect
                0x0000000010007e44        0x4 CMakeFiles/node_c.dir/home/asd/study/pico/deps/pico-sdk/src/rp2_common/pico_lwip/lwip_nosys.c.o
                0x0000000010007e44                sys_arch_protect
 .text.sys_arch_unprotect
                0x0000000010007e48        0x4 CMakeFiles/node_c.dir/home/asd/study/pico/deps/pico-sdk/src/rp2_common/pico_lwip/lwip_nosys.c.o
                0x0000000010007e48                sys_arch_unprotect
 .text.sys_now  0x0000000010007e4c       0x24 CMakeFiles/node_c.dir/home/asd/study/pico/deps/pico-sdk/src/rp2_common/pico_lwip/lwip_nosys.c.o
                0x0000000010007e4c                sys_now
 .text.async_context_base_add_at_time_worker
                0x0000000010007e70       0x24 CMakeFiles/node_c.dir/home/asd/study/pico/deps/pico-sdk/src/rp2_common/pico_async_context/async_context_base.c.o
                0x0000000010007e70                async_context_base_add_at_time_worker
 .text.async_context_base_remove_at_time_worker
                0x0000000010007e94       0x28 CMakeFiles/node_c.dir/home/asd/study/pico/deps/pico-sdk/src/rp2_common/pico_async_context/async_context_base.c.o
                0x0000000010007e94                async_context_base_remove_at_time_worker
 .text.async_context_base_add_when_pending_worker
                0x0000000010007ebc       0x20 CMakeFiles/node_c.dir/home/asd/study/pico/deps/pico-sdk/src/rp2_common/pico_async_context/async_context_base.c.o
                0x0000000010007ebc                async_context_base_add_when_pending_worker
 .text.async_context_base_remove_when_pending_worker
                0x0000000010007edc       0x24 CMakeFiles/node_c.dir/home/asd/study/pico/deps/pico-sdk/src/rp2_common/pico_async_context/async_context_base.c.o
                0x0000000010007edc                async_context_base_remove_when_pending_worker
 .text.async_context_base_execute_once
                0x0000000010007f00       0xb8 CMakeFiles/node_c.dir/home/asd/study/pico/deps/pico-sdk/src/rp2_common/pico_async_context/async_context_base.c.o
                0x0000000010007f00                async_context_base_execute_once
 .text.splitmix64
                0x0000000010007fb8       0x78 CMakeFiles/node_c.dir/home/asd/study/pico/deps/pico-sdk/src/rp2_common/pico_rand/rand.c.o
 .text.capture_additional_trng_samples
                0x0000000010008030       0xb4 CMakeFiles/node_c.dir/home/asd/study/pico/deps/pico-sdk/src/rp2_common/pico_rand/rand.c.o
 .text.xoroshiro128ss
                0x00000000100080e4       0x8c CMakeFiles/node_c.dir/home/asd/study/pico/deps/pico-sdk/src/rp2_common/pico_rand/rand.c.o
 .text.get_rand_64
                0x0000000010008170      0x174 CMakeFiles/node_c.dir/home/asd/study/pico/deps/pico-sdk/src/rp2_common/pico_rand/rand.c.o
                0x0000000010008170                get_rand_64
 .text.get_rand_32
                0x00000000100082e4        0x8 CMakeFiles/node_c.dir/home/asd/study/pico/deps/pico-sdk/src/rp2_common/pico_rand/rand.c.o
                0x00000000100082e4                get_rand_32
 .text.lwip_init
                0x00000000100082ec       0x28 CMakeFiles/node_c.dir/home/asd/study/pico/deps/pico-sdk/lib/lwip/src/core/init.c.o
                0x00000000100082ec                lwip_init
 .text.lwip_htons
                0x0000000010008314        0x8 CMakeFiles/node_c.dir/home/asd/study/pico/deps/pico-sdk/lib/lwip/src/core/def.c.o
                0x0000000010008314                lwip_htons
 .text.lwip_htonl
                0x000000001000831c        0x4 CMakeFiles/node_c.dir/home/asd/study/pico/deps/pico-sdk/lib/lwip/src/core/def.c.o
                0x000000001000831c                lwip_htonl
 .text.lwip_strnicmp
                0x0000000010008320       0x3c CMakeFiles/node_c.dir/home/asd/study/pico/deps/pico-sdk/lib/lwip/src/core/def.c.o
                0x0000000010008320                lwip_strnicmp
 .text.dns_call_found
                0x000000001000835c      0x110 CMakeFiles/node_c.dir/home/asd/study/pico/deps/pico-sdk/lib/lwip/src/core/dns.c.o
 .text.dns_send.isra.0
                0x000000001000846c      0x150 CMakeFiles/node_c.dir/home/asd/study/pico/deps/pico-sdk/lib/lwip/src/core/dns.c.o
 .text.dns_check_entry
                0x00000000100085bc      0x118 CMakeFiles/node_c.dir/home/asd/study/pico/deps/pico-sdk/lib/lwip/src/core/dns.c.o
 .text.dns_recv
                0x00000000100086d4      0x354 CMakeFiles/node_c.dir/home/asd/study/pico/deps/pico-sdk/lib/lwip/src/core/dns.c.o
 .text.dns_init
                0x0000000010008a28        0x4 CMakeFiles/node_c.dir/home/asd/study/pico/deps/pico-sdk/lib/lwip/src/core/dns.c.o
                0x0000000010008a28                dns_init
 .text.dns_setserver
                0x0000000010008a2c       0x28 CMakeFiles/node_c.dir/home/asd/study/pico/deps/pico-sdk/lib/lwip/src/core/dns.c.o
                0x0000000010008a2c                dns_setserver
 .text.dns_tmr  0x0000000010008a54      0x134 CMakeFiles/node_c.dir/home/asd/study/pico/deps/pico-sdk/lib/lwip/src/core/dns.c.o
                0x0000000010008a54                dns_tmr
 .text.dns_gethostbyname_addrtype
                0x0000000010008b88      0x53c CMakeFiles/node_c.dir/home/asd/study/pico/deps/pico-sdk/lib/lwip/src/core/dns.c.o
                0x0000000010008b88                dns_gethostbyname_addrtype
 .text.dns_gethostbyname
                0x00000000100090c4       0x10 CMakeFiles/node_c.dir/home/asd/study/pico/deps/pico-sdk/lib/lwip/src/core/dns.c.o
                0x00000000100090c4                dns_gethostbyname
 .text.lwip_standard_chksum
                0x00000000100090d4       0xdc CMakeFiles/node_c.dir/home/asd/study/pico/deps/pico-sdk/lib/lwip/src/core/inet_chksum.c.o
                0x00000000100090d4                lwip_standard_chksum
 .text.inet_chksum_pseudo
                0x00000000100091b0       0x8c CMakeFiles/node_c.dir/home/asd/study/pico/deps/pico-sdk/lib/lwip/src/core/inet_chksum.c.o
                0x00000000100091b0                inet_chksum_pseudo
 .text.ip_chksum_pseudo
                0x000000001000923c        0x4 CMakeFiles/node_c.dir/home/asd/study/pico/deps/pico-sdk/lib/lwip/src/core/inet_chksum.c.o
                0x000000001000923c                ip_chksum_pseudo
 .text.inet_chksum
                0x0000000010009240        0xc CMakeFiles/node_c.dir/home/asd/study/pico/deps/pico-sdk/lib/lwip/src/core/inet_chksum.c.o
                0x0000000010009240                inet_chksum
 .text.inet_chksum_pbuf
                0x000000001000924c       0x54 CMakeFiles/node_c.dir/home/asd/study/pico/deps/pico-sdk/lib/lwip/src/core/inet_chksum.c.o
                0x000000001000924c                inet_chksum_pbuf
 .text.mem_init
                0x00000000100092a0       0x48 CMakeFiles/node_c.dir/home/asd/study/pico/deps/pico-sdk/lib/lwip/src/core/mem.c.o
                0x00000000100092a0                mem_init
 .text.mem_free
                0x00000000100092e8      0x11c CMakeFiles/node_c.dir/home/asd/study/pico/deps/pico-sdk/lib/lwip/src/core/mem.c.o
                0x00000000100092e8                mem_free
 .text.mem_trim
                0x0000000010009404       0xfc CMakeFiles/node_c.dir/home/asd/study/pico/deps/pico-sdk/lib/lwip/src/core/mem.c.o
                0x0000000010009404                mem_trim
 .text.mem_malloc
                0x0000000010009500      0x110 CMakeFiles/node_c.dir/home/asd/study/pico/deps/pico-sdk/lib/lwip/src/core/mem.c.o
                0x0000000010009500                mem_malloc
 .text.mem_calloc
                0x0000000010009610       0x28 CMakeFiles/node_c.dir/home/asd/study/pico/deps/pico-sdk/lib/lwip/src/core/mem.c.o
                0x0000000010009610                mem_calloc
 .text.memp_init
                0x0000000010009638       0x58 CMakeFiles/node_c.dir/home/asd/study/pico/deps/pico-sdk/lib/lwip/src/core/memp.c.o
                0x0000000010009638                memp_init
 .text.memp_malloc
                0x0000000010009690       0x3c CMakeFiles/node_c.dir/home/asd/study/pico/deps/pico-sdk/lib/lwip/src/core/memp.c.o
                0x0000000010009690                memp_malloc
 .text.memp_free
                0x00000000100096cc       0x3c CMakeFiles/node_c.dir/home/asd/study/pico/deps/pico-sdk/lib/lwip/src/core/memp.c.o
                0x00000000100096cc                memp_free
 .text.netif_null_output_ip4
                0x0000000010009708        0x8 CMakeFiles/node_c.dir/home/asd/study/pico/deps/pico-sdk/lib/lwip/src/core/netif.c.o
 .text.netif_do_set_ipaddr.isra.0
                0x0000000010009710       0x70 CMakeFiles/node_c.dir/home/asd/study/pico/deps/pico-sdk/lib/lwip/src/core/netif.c.o
 .text.netif_init
                0x0000000010009780        0x4 CMakeFiles/node_c.dir/home/asd/study/pico/deps/pico-sdk/lib/lwip/src/core/netif.c.o
                0x0000000010009780                netif_init
 .text.netif_add
                0x0000000010009784      0x128 CMakeFiles/node_c.dir/home/asd/study/pico/deps/pico-sdk/lib/lwip/src/core/netif.c.o
                0x0000000010009784                netif_add
 .text.netif_set_addr
                0x00000000100098ac       0xa0 CMakeFiles/node_c.dir/home/asd/study/pico/deps/pico-sdk/lib/lwip/src/core/netif.c.o
                0x00000000100098ac                netif_set_addr
 .text.netif_remove
                0x000000001000994c       0x98 CMakeFiles/node_c.dir/home/asd/study/pico/deps/pico-sdk/lib/lwip/src/core/netif.c.o
                0x000000001000994c                netif_remove
 .text.netif_set_default
                0x00000000100099e4        0xc CMakeFiles/node_c.dir/home/asd/study/pico/deps/pico-sdk/lib/lwip/src/core/netif.c.o
                0x00000000100099e4                netif_set_default
 .text.netif_set_up
                0x00000000100099f0       0x40 CMakeFiles/node_c.dir/home/asd/study/pico/deps/pico-sdk/lib/lwip/src/core/netif.c.o
                0x00000000100099f0                netif_set_up
 .text.netif_set_link_up
                0x0000000010009a30       0x4c CMakeFiles/node_c.dir/home/asd/study/pico/deps/pico-sdk/lib/lwip/src/core/netif.c.o
                0x0000000010009a30                netif_set_link_up
 .text.netif_set_link_down
                0x0000000010009a7c       0x1c CMakeFiles/node_c.dir/home/asd/study/pico/deps/pico-sdk/lib/lwip/src/core/netif.c.o
                0x0000000010009a7c                netif_set_link_down
 .text.netif_get_by_index
                0x0000000010009a98       0x24 CMakeFiles/node_c.dir/home/asd/study/pico/deps/pico-sdk/lib/lwip/src/core/netif.c.o
                0x0000000010009a98                netif_get_by_index
 .text.pbuf_free.part.0
                0x0000000010009abc       0x74 CMakeFiles/node_c.dir/home/asd/study/pico/deps/pico-sdk/lib/lwip/src/core/pbuf.c.o
 .text.pbuf_free_ooseq
                0x0000000010009b30       0x34 CMakeFiles/node_c.dir/home/asd/study/pico/deps/pico-sdk/lib/lwip/src/core/pbuf.c.o
                0x0000000010009b30                pbuf_free_ooseq
 .text.pbuf_alloc
                0x0000000010009b64      0x140 CMakeFiles/node_c.dir/home/asd/study/pico/deps/pico-sdk/lib/lwip/src/core/pbuf.c.o
                0x0000000010009b64                pbuf_alloc
 .text.pbuf_realloc
                0x0000000010009ca4       0x88 CMakeFiles/node_c.dir/home/asd/study/pico/deps/pico-sdk/lib/lwip/src/core/pbuf.c.o
                0x0000000010009ca4                pbuf_realloc
 .text.pbuf_add_header
                0x0000000010009d2c       0x54 CMakeFiles/node_c.dir/home/asd/study/pico/deps/pico-sdk/lib/lwip/src/core/pbuf.c.o
                0x0000000010009d2c                pbuf_add_header
 .text.pbuf_remove_header
                0x0000000010009d80       0x48 CMakeFiles/node_c.dir/home/asd/study/pico/deps/pico-sdk/lib/lwip/src/core/pbuf.c.o
                0x0000000010009d80                pbuf_remove_header
 .text.pbuf_header_force
                0x0000000010009dc8       0x70 CMakeFiles/node_c.dir/home/asd/study/pico/deps/pico-sdk/lib/lwip/src/core/pbuf.c.o
                0x0000000010009dc8                pbuf_header_force
 .text.pbuf_free
                0x0000000010009e38       0x14 CMakeFiles/node_c.dir/home/asd/study/pico/deps/pico-sdk/lib/lwip/src/core/pbuf.c.o
                0x0000000010009e38                pbuf_free
 .text.pbuf_clen
                0x0000000010009e4c       0x14 CMakeFiles/node_c.dir/home/asd/study/pico/deps/pico-sdk/lib/lwip/src/core/pbuf.c.o
                0x0000000010009e4c                pbuf_clen
 .text.pbuf_ref
                0x0000000010009e60       0x28 CMakeFiles/node_c.dir/home/asd/study/pico/deps/pico-sdk/lib/lwip/src/core/pbuf.c.o
                0x0000000010009e60                pbuf_ref
 .text.pbuf_cat
                0x0000000010009e88       0x48 CMakeFiles/node_c.dir/home/asd/study/pico/deps/pico-sdk/lib/lwip/src/core/pbuf.c.o
                0x0000000010009e88                pbuf_cat
 .text.pbuf_chain
                0x0000000010009ed0       0x68 CMakeFiles/node_c.dir/home/asd/study/pico/deps/pico-sdk/lib/lwip/src/core/pbuf.c.o
                0x0000000010009ed0                pbuf_chain
 .text.pbuf_copy_partial_pbuf
                0x0000000010009f38      0x11c CMakeFiles/node_c.dir/home/asd/study/pico/deps/pico-sdk/lib/lwip/src/core/pbuf.c.o
                0x0000000010009f38                pbuf_copy_partial_pbuf
 .text.pbuf_copy
                0x000000001000a054       0x10 CMakeFiles/node_c.dir/home/asd/study/pico/deps/pico-sdk/lib/lwip/src/core/pbuf.c.o
                0x000000001000a054                pbuf_copy
 .text.pbuf_copy_partial
                0x000000001000a064       0x78 CMakeFiles/node_c.dir/home/asd/study/pico/deps/pico-sdk/lib/lwip/src/core/pbuf.c.o
                0x000000001000a064                pbuf_copy_partial
 .text.pbuf_get_contiguous
                0x000000001000a0dc       0xb4 CMakeFiles/node_c.dir/home/asd/study/pico/deps/pico-sdk/lib/lwip/src/core/pbuf.c.o
                0x000000001000a0dc                pbuf_get_contiguous
 .text.pbuf_take
                0x000000001000a190       0x6c CMakeFiles/node_c.dir/home/asd/study/pico/deps/pico-sdk/lib/lwip/src/core/pbuf.c.o
                0x000000001000a190                pbuf_take
 .text.pbuf_take_at
                0x000000001000a1fc       0xbc CMakeFiles/node_c.dir/home/asd/study/pico/deps/pico-sdk/lib/lwip/src/core/pbuf.c.o
                0x000000001000a1fc                pbuf_take_at
 .text.pbuf_clone
                0x000000001000a2b8       0x2c CMakeFiles/node_c.dir/home/asd/study/pico/deps/pico-sdk/lib/lwip/src/core/pbuf.c.o
                0x000000001000a2b8                pbuf_clone
 .text.pbuf_get_at
                0x000000001000a2e4       0x1c CMakeFiles/node_c.dir/home/asd/study/pico/deps/pico-sdk/lib/lwip/src/core/pbuf.c.o
                0x000000001000a2e4                pbuf_get_at
 .text.pbuf_try_get_at
                0x000000001000a300       0x20 CMakeFiles/node_c.dir/home/asd/study/pico/deps/pico-sdk/lib/lwip/src/core/pbuf.c.o
                0x000000001000a300                pbuf_try_get_at
 .text.pbuf_put_at
                0x000000001000a320       0x1c CMakeFiles/node_c.dir/home/asd/study/pico/deps/pico-sdk/lib/lwip/src/core/pbuf.c.o
                0x000000001000a320                pbuf_put_at
 .text.raw_input
                0x000000001000a33c       0xd4 CMakeFiles/node_c.dir/home/asd/study/pico/deps/pico-sdk/lib/lwip/src/core/raw.c.o
                0x000000001000a33c                raw_input
 .text.raw_netif_ip_addr_changed
                0x000000001000a410       0x3c CMakeFiles/node_c.dir/home/asd/study/pico/deps/pico-sdk/lib/lwip/src/core/raw.c.o
                0x000000001000a410                raw_netif_ip_addr_changed
 .text.stats_init
                0x000000001000a44c        0x4 CMakeFiles/node_c.dir/home/asd/study/pico/deps/pico-sdk/lib/lwip/src/core/stats.c.o
                0x000000001000a44c                stats_init
 .text.tcp_close_shutdown_fin
                0x000000001000a450       0x54 CMakeFiles/node_c.dir/home/asd/study/pico/deps/pico-sdk/lib/lwip/src/core/tcp.c.o
 .text.tcp_pcb_purge.part.0
                0x000000001000a4a4       0xb0 CMakeFiles/node_c.dir/home/asd/study/pico/deps/pico-sdk/lib/lwip/src/core/tcp.c.o
 .text.tcp_init
                0x000000001000a554       0x18 CMakeFiles/node_c.dir/home/asd/study/pico/deps/pico-sdk/lib/lwip/src/core/tcp.c.o
                0x000000001000a554                tcp_init
 .text.tcp_free
                0x000000001000a56c       0x20 CMakeFiles/node_c.dir/home/asd/study/pico/deps/pico-sdk/lib/lwip/src/core/tcp.c.o
                0x000000001000a56c                tcp_free
 .text.tcp_bind
                0x000000001000a58c       0xd4 CMakeFiles/node_c.dir/home/asd/study/pico/deps/pico-sdk/lib/lwip/src/core/tcp.c.o
                0x000000001000a58c                tcp_bind
 .text.tcp_update_rcv_ann_wnd
                0x000000001000a660       0x64 CMakeFiles/node_c.dir/home/asd/study/pico/deps/pico-sdk/lib/lwip/src/core/tcp.c.o
                0x000000001000a660                tcp_update_rcv_ann_wnd
 .text.tcp_recved
                0x000000001000a6c4       0x90 CMakeFiles/node_c.dir/home/asd/study/pico/deps/pico-sdk/lib/lwip/src/core/tcp.c.o
                0x000000001000a6c4                tcp_recved
 .text.tcp_connect
                0x000000001000a754      0x18c CMakeFiles/node_c.dir/home/asd/study/pico/deps/pico-sdk/lib/lwip/src/core/tcp.c.o
                0x000000001000a754                tcp_connect
 .text.tcp_slowtmr
                0x000000001000a8e0      0x4b0 CMakeFiles/node_c.dir/home/asd/study/pico/deps/pico-sdk/lib/lwip/src/core/tcp.c.o
                0x000000001000a8e0                tcp_slowtmr
 .text.tcp_segs_free
                0x000000001000ad90       0x34 CMakeFiles/node_c.dir/home/asd/study/pico/deps/pico-sdk/lib/lwip/src/core/tcp.c.o
                0x000000001000ad90                tcp_segs_free
 .text.tcp_seg_free
                0x000000001000adc4       0x1c CMakeFiles/node_c.dir/home/asd/study/pico/deps/pico-sdk/lib/lwip/src/core/tcp.c.o
                0x000000001000adc4                tcp_seg_free
 .text.tcp_seg_copy
                0x000000001000ade0       0x34 CMakeFiles/node_c.dir/home/asd/study/pico/deps/pico-sdk/lib/lwip/src/core/tcp.c.o
                0x000000001000ade0                tcp_seg_copy
 .text.tcp_arg  0x000000001000ae14        0x8 CMakeFiles/node_c.dir/home/asd/study/pico/deps/pico-sdk/lib/lwip/src/core/tcp.c.o
                0x000000001000ae14                tcp_arg
 .text.tcp_recv
                0x000000001000ae1c       0x1c CMakeFiles/node_c.dir/home/asd/study/pico/deps/pico-sdk/lib/lwip/src/core/tcp.c.o
                0x000000001000ae1c                tcp_recv
 .text.tcp_sent
                0x000000001000ae38       0x1c CMakeFiles/node_c.dir/home/asd/study/pico/deps/pico-sdk/lib/lwip/src/core/tcp.c.o
                0x000000001000ae38                tcp_sent
 .text.tcp_err  0x000000001000ae54       0x1c CMakeFiles/node_c.dir/home/asd/study/pico/deps/pico-sdk/lib/lwip/src/core/tcp.c.o
                0x000000001000ae54                tcp_err
 .text.tcp_poll
                0x000000001000ae70       0x20 CMakeFiles/node_c.dir/home/asd/study/pico/deps/pico-sdk/lib/lwip/src/core/tcp.c.o
                0x000000001000ae70                tcp_poll
 .text.tcp_pcb_purge
                0x000000001000ae90       0x14 CMakeFiles/node_c.dir/home/asd/study/pico/deps/pico-sdk/lib/lwip/src/core/tcp.c.o
                0x000000001000ae90                tcp_pcb_purge
 .text.tcp_pcb_remove
                0x000000001000aea4       0xd4 CMakeFiles/node_c.dir/home/asd/study/pico/deps/pico-sdk/lib/lwip/src/core/tcp.c.o
                0x000000001000aea4                tcp_pcb_remove
 .text.tcp_abandon
                0x000000001000af78      0x18c CMakeFiles/node_c.dir/home/asd/study/pico/deps/pico-sdk/lib/lwip/src/core/tcp.c.o
                0x000000001000af78                tcp_abandon
 .text.tcp_abort
                0x000000001000b104        0x8 CMakeFiles/node_c.dir/home/asd/study/pico/deps/pico-sdk/lib/lwip/src/core/tcp.c.o
                0x000000001000b104                tcp_abort
 .text.tcp_alloc
                0x000000001000b10c      0x1a0 CMakeFiles/node_c.dir/home/asd/study/pico/deps/pico-sdk/lib/lwip/src/core/tcp.c.o
                0x000000001000b10c                tcp_alloc
 .text.tcp_new_ip_type
                0x000000001000b2ac      0x194 CMakeFiles/node_c.dir/home/asd/study/pico/deps/pico-sdk/lib/lwip/src/core/tcp.c.o
                0x000000001000b2ac                tcp_new_ip_type
 .text.tcp_close_shutdown
                0x000000001000b440      0x180 CMakeFiles/node_c.dir/home/asd/study/pico/deps/pico-sdk/lib/lwip/src/core/tcp.c.o
 .text.tcp_recv_null
                0x000000001000b5c0       0xd4 CMakeFiles/node_c.dir/home/asd/study/pico/deps/pico-sdk/lib/lwip/src/core/tcp.c.o
                0x000000001000b5c0                tcp_recv_null
 .text.tcp_process_refused_data
                0x000000001000b694       0x70 CMakeFiles/node_c.dir/home/asd/study/pico/deps/pico-sdk/lib/lwip/src/core/tcp.c.o
                0x000000001000b694                tcp_process_refused_data
 .text.tcp_fasttmr
                0x000000001000b704       0x84 CMakeFiles/node_c.dir/home/asd/study/pico/deps/pico-sdk/lib/lwip/src/core/tcp.c.o
                0x000000001000b704                tcp_fasttmr
 .text.tcp_tmr  0x000000001000b788       0x24 CMakeFiles/node_c.dir/home/asd/study/pico/deps/pico-sdk/lib/lwip/src/core/tcp.c.o
                0x000000001000b788                tcp_tmr
 .text.tcp_close
                0x000000001000b7ac      0x178 CMakeFiles/node_c.dir/home/asd/study/pico/deps/pico-sdk/lib/lwip/src/core/tcp.c.o
                0x000000001000b7ac                tcp_close
 .text.tcp_next_iss
                0x000000001000b924       0x24 CMakeFiles/node_c.dir/home/asd/study/pico/deps/pico-sdk/lib/lwip/src/core/tcp.c.o
                0x000000001000b924                tcp_next_iss
 .text.tcp_eff_send_mss_netif
                0x000000001000b948       0x28 CMakeFiles/node_c.dir/home/asd/study/pico/deps/pico-sdk/lib/lwip/src/core/tcp.c.o
                0x000000001000b948                tcp_eff_send_mss_netif
 .text.tcp_netif_ip_addr_changed
                0x000000001000b970       0x98 CMakeFiles/node_c.dir/home/asd/study/pico/deps/pico-sdk/lib/lwip/src/core/tcp.c.o
                0x000000001000b970                tcp_netif_ip_addr_changed
 .text.tcp_free_ooseq
                0x000000001000ba08       0x38 CMakeFiles/node_c.dir/home/asd/study/pico/deps/pico-sdk/lib/lwip/src/core/tcp.c.o
                0x000000001000ba08                tcp_free_ooseq
 .text.tcp_parseopt
                0x000000001000ba40      0x17c CMakeFiles/node_c.dir/home/asd/study/pico/deps/pico-sdk/lib/lwip/src/core/tcp_in.c.o
 .text.tcp_oos_insert_segment
                0x000000001000bbbc       0xa8 CMakeFiles/node_c.dir/home/asd/study/pico/deps/pico-sdk/lib/lwip/src/core/tcp_in.c.o
 .text.tcp_free_acked_segments.constprop.0
                0x000000001000bc64       0xb0 CMakeFiles/node_c.dir/home/asd/study/pico/deps/pico-sdk/lib/lwip/src/core/tcp_in.c.o
 .text.tcp_receive
                0x000000001000bd14      0x8ec CMakeFiles/node_c.dir/home/asd/study/pico/deps/pico-sdk/lib/lwip/src/core/tcp_in.c.o
 .text.tcp_input
                0x000000001000c600      0xc64 CMakeFiles/node_c.dir/home/asd/study/pico/deps/pico-sdk/lib/lwip/src/core/tcp_in.c.o
                0x000000001000c600                tcp_input
 .text.tcp_trigger_input_pcb_close
                0x000000001000d264       0x10 CMakeFiles/node_c.dir/home/asd/study/pico/deps/pico-sdk/lib/lwip/src/core/tcp_in.c.o
                0x000000001000d264                tcp_trigger_input_pcb_close
 .text.tcp_create_segment
                0x000000001000d274       0xdc CMakeFiles/node_c.dir/home/asd/study/pico/deps/pico-sdk/lib/lwip/src/core/tcp_out.c.o
 .text.tcp_output_control_segment
                0x000000001000d350       0xc0 CMakeFiles/node_c.dir/home/asd/study/pico/deps/pico-sdk/lib/lwip/src/core/tcp_out.c.o
 .text.tcp_output_alloc_header.constprop.0
                0x000000001000d410       0x94 CMakeFiles/node_c.dir/home/asd/study/pico/deps/pico-sdk/lib/lwip/src/core/tcp_out.c.o
 .text.tcp_write
                0x000000001000d4a4      0x424 CMakeFiles/node_c.dir/home/asd/study/pico/deps/pico-sdk/lib/lwip/src/core/tcp_out.c.o
                0x000000001000d4a4                tcp_write
 .text.tcp_split_unsent_seg
                0x000000001000d8c8      0x198 CMakeFiles/node_c.dir/home/asd/study/pico/deps/pico-sdk/lib/lwip/src/core/tcp_out.c.o
                0x000000001000d8c8                tcp_split_unsent_seg
 .text.tcp_send_fin
                0x000000001000da60      0x104 CMakeFiles/node_c.dir/home/asd/study/pico/deps/pico-sdk/lib/lwip/src/core/tcp_out.c.o
                0x000000001000da60                tcp_send_fin
 .text.tcp_enqueue_flags
                0x000000001000db64      0x104 CMakeFiles/node_c.dir/home/asd/study/pico/deps/pico-sdk/lib/lwip/src/core/tcp_out.c.o
                0x000000001000db64                tcp_enqueue_flags
 .text.tcp_rexmit_rto_prepare
                0x000000001000dc68       0x78 CMakeFiles/node_c.dir/home/asd/study/pico/deps/pico-sdk/lib/lwip/src/core/tcp_out.c.o
                0x000000001000dc68                tcp_rexmit_rto_prepare
 .text.tcp_rexmit
                0x000000001000dce0       0x78 CMakeFiles/node_c.dir/home/asd/study/pico/deps/pico-sdk/lib/lwip/src/core/tcp_out.c.o
                0x000000001000dce0                tcp_rexmit
 .text.tcp_rexmit_fast
                0x000000001000dd58       0x64 CMakeFiles/node_c.dir/home/asd/study/pico/deps/pico-sdk/lib/lwip/src/core/tcp_out.c.o
                0x000000001000dd58                tcp_rexmit_fast
 .text.tcp_rst  0x000000001000ddbc       0xbc CMakeFiles/node_c.dir/home/asd/study/pico/deps/pico-sdk/lib/lwip/src/core/tcp_out.c.o
                0x000000001000ddbc                tcp_rst
 .text.tcp_rst_netif
                0x000000001000de78      0x104 CMakeFiles/node_c.dir/home/asd/study/pico/deps/pico-sdk/lib/lwip/src/core/tcp_out.c.o
                0x000000001000de78                tcp_rst_netif
 .text.tcp_send_empty_ack
                0x000000001000df7c       0x50 CMakeFiles/node_c.dir/home/asd/study/pico/deps/pico-sdk/lib/lwip/src/core/tcp_out.c.o
                0x000000001000df7c                tcp_send_empty_ack
 .text.tcp_output
                0x000000001000dfcc      0x39c CMakeFiles/node_c.dir/home/asd/study/pico/deps/pico-sdk/lib/lwip/src/core/tcp_out.c.o
                0x000000001000dfcc                tcp_output
 .text.tcp_rexmit_rto_commit
                0x000000001000e368       0x24 CMakeFiles/node_c.dir/home/asd/study/pico/deps/pico-sdk/lib/lwip/src/core/tcp_out.c.o
                0x000000001000e368                tcp_rexmit_rto_commit
 .text.tcp_rexmit_rto
                0x000000001000e38c       0x88 CMakeFiles/node_c.dir/home/asd/study/pico/deps/pico-sdk/lib/lwip/src/core/tcp_out.c.o
                0x000000001000e38c                tcp_rexmit_rto
 .text.tcp_keepalive
                0x000000001000e414       0xb8 CMakeFiles/node_c.dir/home/asd/study/pico/deps/pico-sdk/lib/lwip/src/core/tcp_out.c.o
                0x000000001000e414                tcp_keepalive
 .text.tcp_zero_window_probe
                0x000000001000e4cc       0xb8 CMakeFiles/node_c.dir/home/asd/study/pico/deps/pico-sdk/lib/lwip/src/core/tcp_out.c.o
                0x000000001000e4cc                tcp_zero_window_probe
 .text.sys_timeout_abs
                0x000000001000e584       0x44 CMakeFiles/node_c.dir/home/asd/study/pico/deps/pico-sdk/lib/lwip/src/core/timeouts.c.o
 .text.lwip_cyclic_timer
                0x000000001000e5c8       0x3c CMakeFiles/node_c.dir/home/asd/study/pico/deps/pico-sdk/lib/lwip/src/core/timeouts.c.o
 .text.tcpip_tcp_timer
                0x000000001000e604       0x3c CMakeFiles/node_c.dir/home/asd/study/pico/deps/pico-sdk/lib/lwip/src/core/timeouts.c.o
 .text.tcp_timer_needed
                0x000000001000e640       0x40 CMakeFiles/node_c.dir/home/asd/study/pico/deps/pico-sdk/lib/lwip/src/core/timeouts.c.o
                0x000000001000e640                tcp_timer_needed
 .text.sys_timeouts_init
                0x000000001000e680       0x84 CMakeFiles/node_c.dir/home/asd/study/pico/deps/pico-sdk/lib/lwip/src/core/timeouts.c.o
                0x000000001000e680                sys_timeouts_init
 .text.sys_timeout
                0x000000001000e704       0x5c CMakeFiles/node_c.dir/home/asd/study/pico/deps/pico-sdk/lib/lwip/src/core/timeouts.c.o
                0x000000001000e704                sys_timeout
 .text.sys_untimeout
                0x000000001000e760       0x3c CMakeFiles/node_c.dir/home/asd/study/pico/deps/pico-sdk/lib/lwip/src/core/timeouts.c.o
                0x000000001000e760                sys_untimeout
 .text.sys_check_timeouts
                0x000000001000e79c       0x60 CMakeFiles/node_c.dir/home/asd/study/pico/deps/pico-sdk/lib/lwip/src/core/timeouts.c.o
                0x000000001000e79c                sys_check_timeouts
 .text.sys_timeouts_sleeptime
                0x000000001000e7fc       0x24 CMakeFiles/node_c.dir/home/asd/study/pico/deps/pico-sdk/lib/lwip/src/core/timeouts.c.o
                0x000000001000e7fc                sys_timeouts_sleeptime
 .text.udp_init
                0x000000001000e820       0x18 CMakeFiles/node_c.dir/home/asd/study/pico/deps/pico-sdk/lib/lwip/src/core/udp.c.o
                0x000000001000e820                udp_init
 .text.udp_input
                0x000000001000e838      0x22c CMakeFiles/node_c.dir/home/asd/study/pico/deps/pico-sdk/lib/lwip/src/core/udp.c.o
                0x000000001000e838                udp_input
 .text.udp_bind
                0x000000001000ea64       0xfc CMakeFiles/node_c.dir/home/asd/study/pico/deps/pico-sdk/lib/lwip/src/core/udp.c.o
                0x000000001000ea64                udp_bind
 .text.udp_sendto_if_src
                0x000000001000eb60      0x118 CMakeFiles/node_c.dir/home/asd/study/pico/deps/pico-sdk/lib/lwip/src/core/udp.c.o
                0x000000001000eb60                udp_sendto_if_src
 .text.udp_sendto_if
                0x000000001000ec78       0x40 CMakeFiles/node_c.dir/home/asd/study/pico/deps/pico-sdk/lib/lwip/src/core/udp.c.o
                0x000000001000ec78                udp_sendto_if
 .text.udp_sendto